Archive member included to satisfy reference by file (symbol)

C:/ST/STM32CubeIDE_1.14.1/STM32CubeIDE/plugins/com.st.stm32cube.ide.mcu.externaltools.gnu-tools-for-stm32.12.3.rel1.win32_1.0.100.202403111256/tools/bin/../lib/gcc/arm-none-eabi/12.3.1/../../../../arm-none-eabi/lib/thumb/v7e-m+fp/hard\libc_nano.a(libc_a-exit.o)
                              C:/ST/STM32CubeIDE_1.14.1/STM32CubeIDE/plugins/com.st.stm32cube.ide.mcu.externaltools.gnu-tools-for-stm32.12.3.rel1.win32_1.0.100.202403111256/tools/bin/../lib/gcc/arm-none-eabi/12.3.1/../../../../arm-none-eabi/lib/thumb/v7e-m+fp/hard/crt0.o (exit)
C:/ST/STM32CubeIDE_1.14.1/STM32CubeIDE/plugins/com.st.stm32cube.ide.mcu.externaltools.gnu-tools-for-stm32.12.3.rel1.win32_1.0.100.202403111256/tools/bin/../lib/gcc/arm-none-eabi/12.3.1/../../../../arm-none-eabi/lib/thumb/v7e-m+fp/hard\libc_nano.a(libc_a-malloc.o)
                              ./Core/Src/File_Handling.o (malloc)
C:/ST/STM32CubeIDE_1.14.1/STM32CubeIDE/plugins/com.st.stm32cube.ide.mcu.externaltools.gnu-tools-for-stm32.12.3.rel1.win32_1.0.100.202403111256/tools/bin/../lib/gcc/arm-none-eabi/12.3.1/../../../../arm-none-eabi/lib/thumb/v7e-m+fp/hard\libc_nano.a(libc_a-mallocr.o)
                              C:/ST/STM32CubeIDE_1.14.1/STM32CubeIDE/plugins/com.st.stm32cube.ide.mcu.externaltools.gnu-tools-for-stm32.12.3.rel1.win32_1.0.100.202403111256/tools/bin/../lib/gcc/arm-none-eabi/12.3.1/../../../../arm-none-eabi/lib/thumb/v7e-m+fp/hard\libc_nano.a(libc_a-malloc.o) (_malloc_r)
C:/ST/STM32CubeIDE_1.14.1/STM32CubeIDE/plugins/com.st.stm32cube.ide.mcu.externaltools.gnu-tools-for-stm32.12.3.rel1.win32_1.0.100.202403111256/tools/bin/../lib/gcc/arm-none-eabi/12.3.1/../../../../arm-none-eabi/lib/thumb/v7e-m+fp/hard\libc_nano.a(libc_a-mlock.o)
                              C:/ST/STM32CubeIDE_1.14.1/STM32CubeIDE/plugins/com.st.stm32cube.ide.mcu.externaltools.gnu-tools-for-stm32.12.3.rel1.win32_1.0.100.202403111256/tools/bin/../lib/gcc/arm-none-eabi/12.3.1/../../../../arm-none-eabi/lib/thumb/v7e-m+fp/hard\libc_nano.a(libc_a-mallocr.o) (__malloc_lock)
C:/ST/STM32CubeIDE_1.14.1/STM32CubeIDE/plugins/com.st.stm32cube.ide.mcu.externaltools.gnu-tools-for-stm32.12.3.rel1.win32_1.0.100.202403111256/tools/bin/../lib/gcc/arm-none-eabi/12.3.1/../../../../arm-none-eabi/lib/thumb/v7e-m+fp/hard\libc_nano.a(libc_a-findfp.o)
                              C:/ST/STM32CubeIDE_1.14.1/STM32CubeIDE/plugins/com.st.stm32cube.ide.mcu.externaltools.gnu-tools-for-stm32.12.3.rel1.win32_1.0.100.202403111256/tools/bin/../lib/gcc/arm-none-eabi/12.3.1/../../../../arm-none-eabi/lib/thumb/v7e-m+fp/hard\libc_nano.a(libc_a-exit.o) (__stdio_exit_handler)
C:/ST/STM32CubeIDE_1.14.1/STM32CubeIDE/plugins/com.st.stm32cube.ide.mcu.externaltools.gnu-tools-for-stm32.12.3.rel1.win32_1.0.100.202403111256/tools/bin/../lib/gcc/arm-none-eabi/12.3.1/../../../../arm-none-eabi/lib/thumb/v7e-m+fp/hard\libc_nano.a(libc_a-fwalk.o)
                              C:/ST/STM32CubeIDE_1.14.1/STM32CubeIDE/plugins/com.st.stm32cube.ide.mcu.externaltools.gnu-tools-for-stm32.12.3.rel1.win32_1.0.100.202403111256/tools/bin/../lib/gcc/arm-none-eabi/12.3.1/../../../../arm-none-eabi/lib/thumb/v7e-m+fp/hard\libc_nano.a(libc_a-findfp.o) (_fwalk_sglue)
C:/ST/STM32CubeIDE_1.14.1/STM32CubeIDE/plugins/com.st.stm32cube.ide.mcu.externaltools.gnu-tools-for-stm32.12.3.rel1.win32_1.0.100.202403111256/tools/bin/../lib/gcc/arm-none-eabi/12.3.1/../../../../arm-none-eabi/lib/thumb/v7e-m+fp/hard\libc_nano.a(libc_a-sprintf.o)
                              ./Core/Src/File_Handling.o (sprintf)
C:/ST/STM32CubeIDE_1.14.1/STM32CubeIDE/plugins/com.st.stm32cube.ide.mcu.externaltools.gnu-tools-for-stm32.12.3.rel1.win32_1.0.100.202403111256/tools/bin/../lib/gcc/arm-none-eabi/12.3.1/../../../../arm-none-eabi/lib/thumb/v7e-m+fp/hard\libc_nano.a(libc_a-stdio.o)
                              C:/ST/STM32CubeIDE_1.14.1/STM32CubeIDE/plugins/com.st.stm32cube.ide.mcu.externaltools.gnu-tools-for-stm32.12.3.rel1.win32_1.0.100.202403111256/tools/bin/../lib/gcc/arm-none-eabi/12.3.1/../../../../arm-none-eabi/lib/thumb/v7e-m+fp/hard\libc_nano.a(libc_a-findfp.o) (__sread)
C:/ST/STM32CubeIDE_1.14.1/STM32CubeIDE/plugins/com.st.stm32cube.ide.mcu.externaltools.gnu-tools-for-stm32.12.3.rel1.win32_1.0.100.202403111256/tools/bin/../lib/gcc/arm-none-eabi/12.3.1/../../../../arm-none-eabi/lib/thumb/v7e-m+fp/hard\libc_nano.a(libc_a-memset.o)
                              C:/ST/STM32CubeIDE_1.14.1/STM32CubeIDE/plugins/com.st.stm32cube.ide.mcu.externaltools.gnu-tools-for-stm32.12.3.rel1.win32_1.0.100.202403111256/tools/bin/../lib/gcc/arm-none-eabi/12.3.1/../../../../arm-none-eabi/lib/thumb/v7e-m+fp/hard/crt0.o (memset)
C:/ST/STM32CubeIDE_1.14.1/STM32CubeIDE/plugins/com.st.stm32cube.ide.mcu.externaltools.gnu-tools-for-stm32.12.3.rel1.win32_1.0.100.202403111256/tools/bin/../lib/gcc/arm-none-eabi/12.3.1/../../../../arm-none-eabi/lib/thumb/v7e-m+fp/hard\libc_nano.a(libc_a-closer.o)
[...]
Memory Configuration

Name             Origin             Length             Attributes
CCMRAM           0x10000000         0x00010000         xrw
RAM              0x20000000         0x00020000         xrw
FLASH            0x08000000         0x00100000         xr
*default*        0x00000000         0xffffffff

Linker script and memory map

LOAD C:/ST/STM32CubeIDE_1.14.1/STM32CubeIDE/plugins/com.st.stm32cube.ide.mcu.externaltools.gnu-tools-for-stm32.12.3.rel1.win32_1.0.100.202403111256/tools/bin/../lib/gcc/arm-none-eabi/12.3.1/thumb/v7e-m+fp/hard/crti.o
LOAD C:/ST/STM32CubeIDE_1.14.1/STM32CubeIDE/plugins/com.st.stm32cube.ide.mcu.externaltools.gnu-tools-for-stm32.12.3.rel1.win32_1.0.100.202403111256/tools/bin/../lib/gcc/arm-none-eabi/12.3.1/thumb/v7e-m+fp/hard/crtbegin.o
LOAD C:/ST/STM32CubeIDE_1.14.1/STM32CubeIDE/plugins/com.st.stm32cube.ide.mcu.externaltools.gnu-tools-for-stm32.12.3.rel1.win32_1.0.100.202403111256/tools/bin/../lib/gcc/arm-none-eabi/12.3.1/../../../../arm-none-eabi/lib/thumb/v7e-m+fp/hard/crt0.o
LOAD ./Core/Src/File_Handling.o
LOAD ./Core/Src/main.o
LOAD ./Core/Src/stm32f4xx_hal_msp.o
LOAD ./Core/Src/stm32f4xx_it.o
LOAD ./Core/Src/syscalls.o
LOAD ./Core/Src/sysmem.o
LOAD ./Core/Src/system_stm32f4xx.o
LOAD ./Core/Startup/startup_stm32f407vgtx.o
LOAD ./Drivers/STM32F4xx_HAL_Driver/stm32f4xx_hal.o
LOAD ./Drivers/STM32F4xx_HAL_Driver/stm32f4xx_hal_cortex.o
LOAD ./Drivers/STM32F4xx_HAL_Driver/stm32f4xx_hal_dma.o
LOAD ./Drivers/STM32F4xx_HAL_Driver/stm32f4xx_hal_dma_ex.o
LOAD ./Drivers/STM32F4xx_HAL_Driver/stm32f4xx_hal_exti.o
LOAD ./Drivers/STM32F4xx_HAL_Driver/stm32f4xx_hal_flash.o
LOAD ./Drivers/STM32F4xx_HAL_Driver/stm32f4xx_hal_flash_ex.o
LOAD ./Drivers/STM32F4xx_HAL_Driver/stm32f4xx_hal_flash_ramfunc.o
LOAD ./Drivers/STM32F4xx_HAL_Driver/stm32f4xx_hal_gpio.o
LOAD ./Drivers/STM32F4xx_HAL_Driver/stm32f4xx_hal_hcd.o
LOAD ./Drivers/STM32F4xx_HAL_Driver/stm32f4xx_hal_pwr.o
LOAD ./Drivers/STM32F4xx_HAL_Driver/stm32f4xx_hal_pwr_ex.o
LOAD ./Drivers/STM32F4xx_HAL_Driver/stm32f4xx_hal_rcc.o
LOAD ./Drivers/STM32F4xx_HAL_Driver/stm32f4xx_hal_rcc_ex.o
LOAD ./Drivers/STM32F4xx_HAL_Driver/stm32f4xx_hal_tim.o
LOAD ./Drivers/STM32F4xx_HAL_Driver/stm32f4xx_hal_tim_ex.o
LOAD ./Drivers/STM32F4xx_HAL_Driver/stm32f4xx_ll_usb.o
LOAD ./FATFS/App/fatfs.o
LOAD ./FATFS/Target/usbh_diskio.o
LOAD ./Middlewares/FatFs/ccsbcs.o
LOAD ./Middlewares/FatFs/diskio.o
LOAD ./Middlewares/FatFs/ff.o
LOAD ./Middlewares/FatFs/ff_gen_drv.o
LOAD ./Middlewares/FatFs/syscall.o
LOAD ./Middlewares/USB_Host_Library/usbh_core.o
LOAD ./Middlewares/USB_Host_Library/usbh_ctlreq.o
LOAD ./Middlewares/USB_Host_Library/usbh_ioreq.o
LOAD ./Middlewares/USB_Host_Library/usbh_msc.o
LOAD ./Middlewares/USB_Host_Library/usbh_msc_bot.o
LOAD ./Middlewares/USB_Host_Library/usbh_msc_scsi.o
LOAD ./Middlewares/USB_Host_Library/usbh_pipes.o
LOAD ./USB_HOST/App/usb_host.o
LOAD ./USB_HOST/Target/usbh_conf.o
LOAD ./USB_HOST/Target/usbh_platform.o
START GROUP
LOAD C:/ST/STM32CubeIDE_1.14.1/STM32CubeIDE/plugins/com.st.stm32cube.ide.mcu.externaltools.gnu-tools-for-stm32.12.3.rel1.win32_1.0.100.202403111256/tools/bin/../lib/gcc/arm-none-eabi/12.3.1/../../../../arm-none-eabi/lib/thumb/v7e-m+fp/hard\libc_nano.a
LOAD C:/ST/STM32CubeIDE_1.14.1/STM32CubeIDE/plugins/com.st.stm32cube.ide.mcu.externaltools.gnu-tools-for-stm32.12.3.rel1.win32_1.0.100.202403111256/tools/bin/../lib/gcc/arm-none-eabi/12.3.1/../../../../arm-none-eabi/lib/thumb/v7e-m+fp/hard\libm.a
END GROUP
START GROUP
LOAD C:/ST/STM32CubeIDE_1.14.1/STM32CubeIDE/plugins/com.st.stm32cube.ide.mcu.externaltools.gnu-tools-for-stm32.12.3.rel1.win32_1.0.100.202403111256/tools/bin/../lib/gcc/arm-none-eabi/12.3.1/thumb/v7e-m+fp/hard\libgcc.a
LOAD C:/ST/STM32CubeIDE_1.14.1/STM32CubeIDE/plugins/com.st.stm32cube.ide.mcu.externaltools.gnu-tools-for-stm32.12.3.rel1.win32_1.0.100.202403111256/tools/bin/../lib/gcc/arm-none-eabi/12.3.1/../../../../arm-none-eabi/lib/thumb/v7e-m+fp/hard\libc_nano.a
END GROUP
START GROUP
LOAD C:/ST/STM32CubeIDE_1.14.1/STM32CubeIDE/plugins/com.st.stm32cube.ide.mcu.externaltools.gnu-tools-for-stm32.12.3.rel1.win32_1.0.100.202403111256/tools/bin/../lib/gcc/arm-none-eabi/12.3.1/thumb/v7e-m+fp/hard\libgcc.a
LOAD C:/ST/STM32CubeIDE_1.14.1/STM32CubeIDE/plugins/com.st.stm32cube.ide.mcu.externaltools.gnu-tools-for-stm32.12.3.rel1.win32_1.0.100.202403111256/tools/bin/../lib/gcc/arm-none-eabi/12.3.1/../../../../arm-none-eabi/lib/thumb/v7e-m+fp/hard\libc_nano.a
LOAD C:/ST/STM32CubeIDE_1.14.1/STM32CubeIDE/plugins/com.st.stm32cube.ide.mcu.externaltools.gnu-tools-for-stm32.12.3.rel1.win32_1.0.100.202403111256/tools/bin/../lib/gcc/arm-none-eabi/12.3.1/../../../../arm-none-eabi/lib/thumb/v7e-m+fp/hard\libnosys.a
END GROUP
START GROUP
LOAD C:/ST/STM32CubeIDE_1.14.1/STM32CubeIDE/plugins/com.st.stm32cube.ide.mcu.externaltools.gnu-tools-for-stm32.12.3.rel1.win32_1.0.100.202403111256/tools/bin/../lib/gcc/arm-none-eabi/12.3.1/thumb/v7e-m+fp/hard\libgcc.a
LOAD C:/ST/STM32CubeIDE_1.14.1/STM32CubeIDE/plugins/com.st.stm32cube.ide.mcu.externaltools.gnu-tools-for-stm32.12.3.rel1.win32_1.0.100.202403111256/tools/bin/../lib/gcc/arm-none-eabi/12.3.1/../../../../arm-none-eabi/lib/thumb/v7e-m+fp/hard\libc_nano.a
LOAD C:/ST/STM32CubeIDE_1.14.1/STM32CubeIDE/plugins/com.st.stm32cube.ide.mcu.externaltools.gnu-tools-for-stm32.12.3.rel1.win32_1.0.100.202403111256/tools/bin/../lib/gcc/arm-none-eabi/12.3.1/../../../../arm-none-eabi/lib/thumb/v7e-m+fp/hard\libnosys.a
END GROUP
LOAD C:/ST/STM32CubeIDE_1.14.1/STM32CubeIDE/plugins/com.st.stm32cube.ide.mcu.externaltools.gnu-tools-for-stm32.12.3.rel1.win32_1.0.100.202403111256/tools/bin/../lib/gcc/arm-none-eabi/12.3.1/thumb/v7e-m+fp/hard/crtend.o
LOAD C:/ST/STM32CubeIDE_1.14.1/STM32CubeIDE/plugins/com.st.stm32cube.ide.mcu.externaltools.gnu-tools-for-stm32.12.3.rel1.win32_1.0.100.202403111256/tools/bin/../lib/gcc/arm-none-eabi/12.3.1/thumb/v7e-m+fp/hard/crtn.o
                0x20020000                        _estack = (ORIGIN (RAM) + LENGTH (RAM))
                0x00000200                        _Min_Heap_Size = 0x200
                0x00000400                        _Min_Stack_Size = 0x400

.isr_vector     0x08000000      0x188
                0x08000000                        . = ALIGN (0x4)
 *(.isr_vector)
 .isr_vector    0x08000000      0x188 ./Core/Startup/startup_stm32f407vgtx.o
                0x08000000                g_pfnVectors
                0x08000188                        . = ALIGN (0x4)

.text           0x08000190     0xe85c
                0x08000190                        . = ALIGN (0x4)
 *(.text)
 .text          0x08000190       0x40 C:/ST/STM32CubeIDE_1.14.1/STM32CubeIDE/plugins/com.st.stm32cube.ide.mcu.externaltools.gnu-tools-for-stm32.12.3.rel1.win32_1.0.100.202403111256/tools/bin/../lib/gcc/arm-none-eabi/12.3.1/thumb/v7e-m+fp/hard/crtbegin.o
 .text          0x080001d0       0x14 C:/ST/STM32CubeIDE_1.14.1/STM32CubeIDE/plugins/com.st.stm32cube.ide.mcu.externaltools.gnu-tools-for-stm32.12.3.rel1.win32_1.0.100.202403111256/tools/bin/../lib/gcc/arm-none-eabi/12.3.1/../../../../arm-none-eabi/lib/thumb/v7e-m+fp/hard\libc_nano.a(libc_a-strcmp.o)
                0x080001d0                strcmp
 .text          0x080001e4       0x10 C:/ST/STM32CubeIDE_1.14.1/STM32CubeIDE/plugins/com.st.stm32cube.ide.mcu.externaltools.gnu-tools-for-stm32.12.3.rel1.win32_1.0.100.202403111256/tools/bin/../lib/gcc/arm-none-eabi/12.3.1/../../../../arm-none-eabi/lib/thumb/v7e-m+fp/hard\libc_nano.a(libc_a-strlen.o)
                0x080001e4                strlen
 *fill*         0x080001f4        0xc 
 .text          0x08000200       0xa0 C:/ST/STM32CubeIDE_1.14.1/STM32CubeIDE/plugins/com.st.stm32cube.ide.mcu.externaltools.gnu-tools-for-stm32.12.3.rel1.win32_1.0.100.202403111256/tools/bin/../lib/gcc/arm-none-eabi/12.3.1/../../../../arm-none-eabi/lib/thumb/v7e-m+fp/hard\libc_nano.a(libc_a-memchr.o)
                0x08000200                memchr
 .text          0x080002a0      0x254 C:/ST/STM32CubeIDE_1.14.1/STM32CubeIDE/plugins/com.st.stm32cube.ide.mcu.externaltools.gnu-tools-for-stm32.12.3.rel1.win32_1.0.100.202403111256/tools/bin/../lib/gcc/arm-none-eabi/12.3.1/thumb/v7e-m+fp/hard\libgcc.a(_arm_muldf3.o)
                0x080002a0                __muldf3
                0x080002a0                __aeabi_dmul
 .text          0x080004f4      0x378 C:/ST/STM32CubeIDE_1.14.1/STM32CubeIDE/plugins/com.st.stm32cube.ide.mcu.externaltools.gnu-tools-for-stm32.12.3.rel1.win32_1.0.100.202403111256/tools/bin/../lib/gcc/arm-none-eabi/12.3.1/thumb/v7e-m+fp/hard\libgcc.a(_arm_addsubdf3.o)
                0x080004f4                __aeabi_drsub
                0x080004fc                __aeabi_dsub
                0x080004fc                __subdf3
                0x08000500                __aeabi_dadd
                0x08000500                __adddf3
                0x08000778                __floatunsidf
                0x08000778                __aeabi_ui2d
                0x08000798                __floatsidf
                0x08000798                __aeabi_i2d
                0x080007bc                __aeabi_f2d
                0x080007bc                __extendsfdf2
                0x08000800                __floatundidf
                0x08000800                __aeabi_ul2d
                0x08000810                __floatdidf
                0x08000810                __aeabi_l2d
 .text          0x0800086c       0x40 C:/ST/STM32CubeIDE_1.14.1/STM32CubeIDE/plugins/com.st.stm32cube.ide.mcu.externaltools.gnu-tools-for-stm32.12.3.rel1.win32_1.0.100.202403111256/tools/bin/../lib/gcc/arm-none-eabi/12.3.1/thumb/v7e-m+fp/hard\libgcc.a(_arm_fixunsdfsi.o)
                0x0800086c                __aeabi_d2uiz
                0x0800086c                __fixunsdfsi
 .text          0x080008ac       0x30 C:/ST/STM32CubeIDE_1.14.1/STM32CubeIDE/plugins/com.st.stm32cube.ide.mcu.externaltools.gnu-tools-for-stm32.12.3.rel1.win32_1.0.100.202403111256/tools/bin/../lib/gcc/arm-none-eabi/12.3.1/thumb/v7e-m+fp/hard\libgcc.a(_aeabi_uldivmod.o)
                0x080008ac                __aeabi_uldivmod
 .text          0x080008dc      0x2bc C:/ST/STM32CubeIDE_1.14.1/STM32CubeIDE/plugins/com.st.stm32cube.ide.mcu.externaltools.gnu-tools-for-stm32.12.3.rel1.win32_1.0.100.202403111256/tools/bin/../lib/gcc/arm-none-eabi/12.3.1/thumb/v7e-m+fp/hard\libgcc.a(_udivmoddi4.o)
                0x080008dc                __udivmoddi4
 .text          0x08000b98        0x4 C:/ST/STM32CubeIDE_1.14.1/STM32CubeIDE/plugins/com.st.stm32cube.ide.mcu.externaltools.gnu-tools-for-stm32.12.3.rel1.win32_1.0.100.202403111256/tools/bin/../lib/gcc/arm-none-eabi/12.3.1/thumb/v7e-m+fp/hard\libgcc.a(_dvmd_tls.o)
                0x08000b98                __aeabi_idiv0
                0x08000b98                __aeabi_ldiv0
 *(.text*)
 .text.Mount_USB
                0x08000b9c       0x28 ./Core/Src/File_Handling.o
                0x08000b9c                Mount_USB
 .text.Unmount_USB
                0x08000bc4       0x24 ./Core/Src/File_Handling.o
                0x08000bc4                Unmount_USB
 .text.Scan_USB
                0x08000be8      0x140 ./Core/Src/File_Handling.o
                0x08000be8                Scan_USB
 .text.Write_File
                0x08000d28      0x164 ./Core/Src/File_Handling.o
                0x08000d28                Write_File
 .text.Create_File
                0x08000e8c      0x118 ./Core/Src/File_Handling.o
                0x08000e8c                Create_File
 .text.Check_USB_Details
                0x08000fa4       0xdc ./Core/Src/File_Handling.o
                0x08000fa4                Check_USB_Details
 .text.main     0x08001080       0x64 ./Core/Src/main.o
                0x08001080                main
 .text.SystemClock_Config
                0x080010e4       0xd4 ./Core/Src/main.o
                0x080010e4                SystemClock_Config
 .text.MX_GPIO_Init
                0x080011b8       0xa0 ./Core/Src/main.o
 .text.Error_Handler
                0x08001258        0xc ./Core/Src/main.o
                0x08001258                Error_Handler
 .text.HAL_MspInit
                0x08001264       0x50 ./Core/Src/stm32f4xx_hal_msp.o
                0x08001264                HAL_MspInit
 .text.NMI_Handler
                0x080012b4        0x8 ./Core/Src/stm32f4xx_it.o
                0x080012b4                NMI_Handler
 .text.HardFault_Handler
                0x080012bc        0x8 ./Core/Src/stm32f4xx_it.o
                0x080012bc                HardFault_Handler
 .text.MemManage_Handler
                0x080012c4        0x8 ./Core/Src/stm32f4xx_it.o
                0x080012c4                MemManage_Handler
 .text.BusFault_Handler
                0x080012cc        0x8 ./Core/Src/stm32f4xx_it.o
                0x080012cc                BusFault_Handler
 .text.UsageFault_Handler
                0x080012d4        0x8 ./Core/Src/stm32f4xx_it.o
                0x080012d4                UsageFault_Handler
 .text.SVC_Handler
                0x080012dc        0xe ./Core/Src/stm32f4xx_it.o
                0x080012dc                SVC_Handler
 .text.DebugMon_Handler
                0x080012ea        0xe ./Core/Src/stm32f4xx_it.o
                0x080012ea                DebugMon_Handler
 .text.PendSV_Handler
                0x080012f8        0xe ./Core/Src/stm32f4xx_it.o
                0x080012f8                PendSV_Handler
 .text.SysTick_Handler
                0x08001306        0xc ./Core/Src/stm32f4xx_it.o
                0x08001306                SysTick_Handler
 *fill*         0x08001312        0x2 
 .text.OTG_FS_IRQHandler
                0x08001314       0x14 ./Core/Src/stm32f4xx_it.o
                0x08001314                OTG_FS_IRQHandler
 .text._sbrk    0x08001328       0x6c ./Core/Src/sysmem.o
                0x08001328                _sbrk
 .text.SystemInit
                0x08001394       0x24 ./Core/Src/system_stm32f4xx.o
                0x08001394                SystemInit
 .text.Reset_Handler
                0x080013b8       0x50 ./Core/Startup/startup_stm32f407vgtx.o
                0x080013b8                Reset_Handler
 .text.Default_Handler
                0x08001408        0x2 ./Core/Startup/startup_stm32f407vgtx.o
                0x08001408                RTC_Alarm_IRQHandler
                0x08001408                HASH_RNG_IRQHandler
                0x08001408                EXTI2_IRQHandler
                0x08001408                TIM8_CC_IRQHandler
                0x08001408                TIM1_CC_IRQHandler
                0x08001408                DMA2_Stream5_IRQHandler
                0x08001408                DMA1_Stream5_IRQHandler
                0x08001408                PVD_IRQHandler
                0x08001408                SDIO_IRQHandler
                0x08001408                TAMP_STAMP_IRQHandler
                0x08001408                CAN2_RX1_IRQHandler
                0x08001408                EXTI3_IRQHandler
                0x08001408                TIM8_TRG_COM_TIM14_IRQHandler
                0x08001408                TIM1_UP_TIM10_IRQHandler
                0x08001408                TIM8_UP_TIM13_IRQHandler
                0x08001408                I2C3_ER_IRQHandler
                0x08001408                EXTI0_IRQHandler
                0x08001408                I2C2_EV_IRQHandler
                0x08001408                DMA1_Stream2_IRQHandler
                0x08001408                CAN1_RX0_IRQHandler
                0x08001408                FPU_IRQHandler
                0x08001408                OTG_HS_WKUP_IRQHandler
                0x08001408                CAN2_SCE_IRQHandler
                0x08001408                DMA2_Stream2_IRQHandler
                0x08001408                SPI1_IRQHandler
                0x08001408                TIM6_DAC_IRQHandler
                0x08001408                TIM1_BRK_TIM9_IRQHandler
                0x08001408                DCMI_IRQHandler
                0x08001408                CAN2_RX0_IRQHandler
                0x08001408                DMA2_Stream3_IRQHandler
                0x08001408                USART6_IRQHandler
                0x08001408                USART3_IRQHandler
                0x08001408                CAN1_RX1_IRQHandler
                0x08001408                UART5_IRQHandler
                0x08001408                DMA2_Stream0_IRQHandler
                0x08001408                TIM4_IRQHandler
                0x08001408                I2C1_EV_IRQHandler
                0x08001408                DMA1_Stream6_IRQHandler
                0x08001408                DMA1_Stream1_IRQHandler
                0x08001408                UART4_IRQHandler
                0x08001408                TIM3_IRQHandler
                0x08001408                RCC_IRQHandler
                0x08001408                TIM8_BRK_TIM12_IRQHandler
                0x08001408                Default_Handler
                0x08001408                EXTI15_10_IRQHandler
                0x08001408                ADC_IRQHandler
                0x08001408                DMA1_Stream7_IRQHandler
                0x08001408                TIM7_IRQHandler
                0x08001408                CAN2_TX_IRQHandler
                0x08001408                TIM5_IRQHandler
                0x08001408                DMA2_Stream7_IRQHandler
                0x08001408                I2C3_EV_IRQHandler
                0x08001408                EXTI9_5_IRQHandler
                0x08001408                RTC_WKUP_IRQHandler
                0x08001408                ETH_WKUP_IRQHandler
                0x08001408                SPI2_IRQHandler
                0x08001408                OTG_HS_EP1_IN_IRQHandler
                0x08001408                DMA1_Stream0_IRQHandler
                0x08001408                CAN1_TX_IRQHandler
                0x08001408                EXTI4_IRQHandler
                0x08001408                FSMC_IRQHandler
                0x08001408                ETH_IRQHandler
                0x08001408                OTG_HS_EP1_OUT_IRQHandler
                0x08001408                WWDG_IRQHandler
                0x08001408                TIM2_IRQHandler
                0x08001408                OTG_FS_WKUP_IRQHandler
                0x08001408                TIM1_TRG_COM_TIM11_IRQHandler
                0x08001408                OTG_HS_IRQHandler
                0x08001408                EXTI1_IRQHandler
                0x08001408                USART2_IRQHandler
                0x08001408                I2C2_ER_IRQHandler
                0x08001408                DMA2_Stream1_IRQHandler
                0x08001408                CAN1_SCE_IRQHandler
                0x08001408                FLASH_IRQHandler
                0x08001408                DMA2_Stream4_IRQHandler
                0x08001408                USART1_IRQHandler
                0x08001408                SPI3_IRQHandler
                0x08001408                DMA1_Stream4_IRQHandler
                0x08001408                I2C1_ER_IRQHandler
                0x08001408                DMA2_Stream6_IRQHandler
                0x08001408                DMA1_Stream3_IRQHandler
 *fill*         0x0800140a        0x2 
 .text.HAL_Init
                0x0800140c       0x44 ./Drivers/STM32F4xx_HAL_Driver/stm32f4xx_hal.o
                0x0800140c                HAL_Init
 .text.HAL_InitTick
                0x08001450       0x60 ./Drivers/STM32F4xx_HAL_Driver/stm32f4xx_hal.o
                0x08001450                HAL_InitTick
 .text.HAL_IncTick
                0x080014b0       0x28 ./Drivers/STM32F4xx_HAL_Driver/stm32f4xx_hal.o
                0x080014b0                HAL_IncTick
 .text.HAL_GetTick
                0x080014d8       0x18 ./Drivers/STM32F4xx_HAL_Driver/stm32f4xx_hal.o
                0x080014d8                HAL_GetTick
 .text.HAL_Delay
                0x080014f0       0x48 ./Drivers/STM32F4xx_HAL_Driver/stm32f4xx_hal.o
                0x080014f0                HAL_Delay
 .text.__NVIC_SetPriorityGrouping
                0x08001538       0x48 ./Drivers/STM32F4xx_HAL_Driver/stm32f4xx_hal_cortex.o
 .text.__NVIC_GetPriorityGrouping
                0x08001580       0x1c ./Drivers/STM32F4xx_HAL_Driver/stm32f4xx_hal_cortex.o
 .text.__NVIC_EnableIRQ
                0x0800159c       0x3c ./Drivers/STM32F4xx_HAL_Driver/stm32f4xx_hal_cortex.o
 .text.__NVIC_SetPriority
                0x080015d8       0x54 ./Drivers/STM32F4xx_HAL_Driver/stm32f4xx_hal_cortex.o
 .text.NVIC_EncodePriority
                0x0800162c       0x66 ./Drivers/STM32F4xx_HAL_Driver/stm32f4xx_hal_cortex.o
 *fill*         0x08001692        0x2 
 .text.SysTick_Config
                0x08001694       0x44 ./Drivers/STM32F4xx_HAL_Driver/stm32f4xx_hal_cortex.o
 .text.HAL_NVIC_SetPriorityGrouping
                0x080016d8       0x16 ./Drivers/STM32F4xx_HAL_Driver/stm32f4xx_hal_cortex.o
                0x080016d8                HAL_NVIC_SetPriorityGrouping
 .text.HAL_NVIC_SetPriority
                0x080016ee       0x38 ./Drivers/STM32F4xx_HAL_Driver/stm32f4xx_hal_cortex.o
                0x080016ee                HAL_NVIC_SetPriority
 .text.HAL_NVIC_EnableIRQ
                0x08001726       0x1c ./Drivers/STM32F4xx_HAL_Driver/stm32f4xx_hal_cortex.o
                0x08001726                HAL_NVIC_EnableIRQ
 .text.HAL_SYSTICK_Config
                0x08001742       0x18 ./Drivers/STM32F4xx_HAL_Driver/stm32f4xx_hal_cortex.o
                0x08001742                HAL_SYSTICK_Config
 *fill*         0x0800175a        0x2 
 .text.HAL_GPIO_Init
                0x0800175c      0x338 ./Drivers/STM32F4xx_HAL_Driver/stm32f4xx_hal_gpio.o
                0x0800175c                HAL_GPIO_Init
 .text.HAL_GPIO_WritePin
                0x08001a94       0x32 ./Drivers/STM32F4xx_HAL_Driver/stm32f4xx_hal_gpio.o
                0x08001a94                HAL_GPIO_WritePin
 .text.HAL_HCD_Init
                0x08001ac6       0xce ./Drivers/STM32F4xx_HAL_Driver/stm32f4xx_hal_hcd.o
                0x08001ac6                HAL_HCD_Init
 .text.HAL_HCD_HC_Init
                0x08001b94      0x170 ./Drivers/STM32F4xx_HAL_Driver/stm32f4xx_hal_hcd.o
                0x08001b94                HAL_HCD_HC_Init
 .text.HAL_HCD_HC_Halt
                0x08001d04       0x46 ./Drivers/STM32F4xx_HAL_Driver/stm32f4xx_hal_hcd.o
                0x08001d04                HAL_HCD_HC_Halt
 *fill*         0x08001d4a        0x2 
 .text.HAL_HCD_HC_SubmitRequest
                0x08001d4c      0x33c ./Drivers/STM32F4xx_HAL_Driver/stm32f4xx_hal_hcd.o
                0x08001d4c                HAL_HCD_HC_SubmitRequest
 .text.HAL_HCD_IRQHandler
                0x08002088      0x220 ./Drivers/STM32F4xx_HAL_Driver/stm32f4xx_hal_hcd.o
                0x08002088                HAL_HCD_IRQHandler
 .text.HAL_HCD_Start
                0x080022a8       0x46 ./Drivers/STM32F4xx_HAL_Driver/stm32f4xx_hal_hcd.o
                0x080022a8                HAL_HCD_Start
 .text.HAL_HCD_Stop
                0x080022ee       0x3a ./Drivers/STM32F4xx_HAL_Driver/stm32f4xx_hal_hcd.o
                0x080022ee                HAL_HCD_Stop
 .text.HAL_HCD_ResetPort
                0x08002328       0x1c ./Drivers/STM32F4xx_HAL_Driver/stm32f4xx_hal_hcd.o
                0x08002328                HAL_HCD_ResetPort
 .text.HAL_HCD_HC_GetURBState
                0x08002344       0x2a ./Drivers/STM32F4xx_HAL_Driver/stm32f4xx_hal_hcd.o
                0x08002344                HAL_HCD_HC_GetURBState
 .text.HAL_HCD_HC_GetXferCount
                0x0800236e       0x2a ./Drivers/STM32F4xx_HAL_Driver/stm32f4xx_hal_hcd.o
                0x0800236e                HAL_HCD_HC_GetXferCount
 .text.HAL_HCD_GetCurrentFrame
                0x08002398       0x1c ./Drivers/STM32F4xx_HAL_Driver/stm32f4xx_hal_hcd.o
                0x08002398                HAL_HCD_GetCurrentFrame
 .text.HAL_HCD_GetCurrentSpeed
                0x080023b4       0x1c ./Drivers/STM32F4xx_HAL_Driver/stm32f4xx_hal_hcd.o
                0x080023b4                HAL_HCD_GetCurrentSpeed
 .text.HAL_HCD_HC_ClearHubInfo
                0x080023d0       0x6a ./Drivers/STM32F4xx_HAL_Driver/stm32f4xx_hal_hcd.o
                0x080023d0                HAL_HCD_HC_ClearHubInfo
 .text.HCD_HC_IN_IRQHandler
                0x0800243a      0xcd2 ./Drivers/STM32F4xx_HAL_Driver/stm32f4xx_hal_hcd.o
 .text.HCD_HC_OUT_IRQHandler
                0x0800310c      0x94a ./Drivers/STM32F4xx_HAL_Driver/stm32f4xx_hal_hcd.o
 .text.HCD_RXQLVL_IRQHandler
                0x08003a56      0x1be ./Drivers/STM32F4xx_HAL_Driver/stm32f4xx_hal_hcd.o
 .text.HCD_Port_IRQHandler
                0x08003c14       0xe6 ./Drivers/STM32F4xx_HAL_Driver/stm32f4xx_hal_hcd.o
 *fill*         0x08003cfa        0x2 
 .text.HAL_RCC_OscConfig
                0x08003cfc      0x4f0 ./Drivers/STM32F4xx_HAL_Driver/stm32f4xx_hal_rcc.o
                0x08003cfc                HAL_RCC_OscConfig
 .text.HAL_RCC_ClockConfig
                0x080041ec      0x1cc ./Drivers/STM32F4xx_HAL_Driver/stm32f4xx_hal_rcc.o
                0x080041ec                HAL_RCC_ClockConfig
 .text.HAL_RCC_GetSysClockFreq
                0x080043b8      0x20c ./Drivers/STM32F4xx_HAL_Driver/stm32f4xx_hal_rcc.o
                0x080043b8                HAL_RCC_GetSysClockFreq
 .text.USB_CoreInit
                0x080045c4       0xc8 ./Drivers/STM32F4xx_HAL_Driver/stm32f4xx_ll_usb.o
                0x080045c4                USB_CoreInit
 .text.USB_EnableGlobalInt
                0x0800468c       0x22 ./Drivers/STM32F4xx_HAL_Driver/stm32f4xx_ll_usb.o
                0x0800468c                USB_EnableGlobalInt
 .text.USB_DisableGlobalInt
                0x080046ae       0x22 ./Drivers/STM32F4xx_HAL_Driver/stm32f4xx_ll_usb.o
                0x080046ae                USB_DisableGlobalInt
 .text.USB_SetCurrentMode
                0x080046d0       0x98 ./Drivers/STM32F4xx_HAL_Driver/stm32f4xx_ll_usb.o
                0x080046d0                USB_SetCurrentMode
 .text.USB_FlushTxFifo
                0x08004768       0x64 ./Drivers/STM32F4xx_HAL_Driver/stm32f4xx_ll_usb.o
                0x08004768                USB_FlushTxFifo
 .text.USB_FlushRxFifo
                0x080047cc       0x5c ./Drivers/STM32F4xx_HAL_Driver/stm32f4xx_ll_usb.o
                0x080047cc                USB_FlushRxFifo
 .text.USB_WritePacket
                0x08004828       0x7c ./Drivers/STM32F4xx_HAL_Driver/stm32f4xx_ll_usb.o
                0x08004828                USB_WritePacket
 .text.USB_ReadPacket
                0x080048a4       0xb0 ./Drivers/STM32F4xx_HAL_Driver/stm32f4xx_ll_usb.o
                0x080048a4                USB_ReadPacket
 .text.USB_ReadInterrupts
                0x08004954       0x26 ./Drivers/STM32F4xx_HAL_Driver/stm32f4xx_ll_usb.o
                0x08004954                USB_ReadInterrupts
 .text.USB_ReadChInterrupts
                0x0800497a       0x42 ./Drivers/STM32F4xx_HAL_Driver/stm32f4xx_ll_usb.o
                0x0800497a                USB_ReadChInterrupts
 .text.USB_GetMode
                0x080049bc       0x1c ./Drivers/STM32F4xx_HAL_Driver/stm32f4xx_ll_usb.o
                0x080049bc                USB_GetMode
 .text.USB_CoreReset
                0x080049d8       0x62 ./Drivers/STM32F4xx_HAL_Driver/stm32f4xx_ll_usb.o
 *fill*         0x08004a3a        0x2 
 .text.USB_HostInit
                0x08004a3c      0x188 ./Drivers/STM32F4xx_HAL_Driver/stm32f4xx_ll_usb.o
                0x08004a3c                USB_HostInit
 .text.USB_InitFSLSPClkSel
                0x08004bc4       0x7a ./Drivers/STM32F4xx_HAL_Driver/stm32f4xx_ll_usb.o
                0x08004bc4                USB_InitFSLSPClkSel
 .text.USB_ResetPort
                0x08004c3e       0x54 ./Drivers/STM32F4xx_HAL_Driver/stm32f4xx_ll_usb.o
                0x08004c3e                USB_ResetPort
 .text.USB_DriveVbus
                0x08004c92       0x72 ./Drivers/STM32F4xx_HAL_Driver/stm32f4xx_ll_usb.o
                0x08004c92                USB_DriveVbus
 .text.USB_GetHostSpeed
                0x08004d04       0x2e ./Drivers/STM32F4xx_HAL_Driver/stm32f4xx_ll_usb.o
                0x08004d04                USB_GetHostSpeed
 .text.USB_GetCurrentFrame
                0x08004d32       0x22 ./Drivers/STM32F4xx_HAL_Driver/stm32f4xx_ll_usb.o
                0x08004d32                USB_GetCurrentFrame
 .text.USB_HC_Init
                0x08004d54      0x258 ./Drivers/STM32F4xx_HAL_Driver/stm32f4xx_ll_usb.o
                0x08004d54                USB_HC_Init
 .text.USB_HC_StartXfer
                0x08004fac      0x4f4 ./Drivers/STM32F4xx_HAL_Driver/stm32f4xx_ll_usb.o
                0x08004fac                USB_HC_StartXfer
 .text.USB_HC_ReadInterrupt
                0x080054a0       0x22 ./Drivers/STM32F4xx_HAL_Driver/stm32f4xx_ll_usb.o
                0x080054a0                USB_HC_ReadInterrupt
 .text.USB_HC_Halt
                0x080054c2      0x240 ./Drivers/STM32F4xx_HAL_Driver/stm32f4xx_ll_usb.o
                0x080054c2                USB_HC_Halt
 *fill*         0x08005702        0x2 
 .text.USB_DoPing
                0x08005704       0x78 ./Drivers/STM32F4xx_HAL_Driver/stm32f4xx_ll_usb.o
                0x08005704                USB_DoPing
 .text.USB_StopHost
                0x0800577c      0x124 ./Drivers/STM32F4xx_HAL_Driver/stm32f4xx_ll_usb.o
                0x0800577c                USB_StopHost
 .text.MX_FATFS_Init
                0x080058a0       0x24 ./FATFS/App/fatfs.o
                0x080058a0                MX_FATFS_Init
 .text.get_fattime
                0x080058c4       0x10 ./FATFS/App/fatfs.o
                0x080058c4                get_fattime
 .text.USBH_initialize
                0x080058d4       0x18 ./FATFS/Target/usbh_diskio.o
                0x080058d4                USBH_initialize
 .text.USBH_status
                0x080058ec       0x38 ./FATFS/Target/usbh_diskio.o
                0x080058ec                USBH_status
 .text.USBH_read
                0x08005924       0x74 ./FATFS/Target/usbh_diskio.o
                0x08005924                USBH_read
 .text.USBH_write
                0x08005998       0x84 ./FATFS/Target/usbh_diskio.o
                0x08005998                USBH_write
 .text.USBH_ioctl
                0x08005a1c       0xd8 ./FATFS/Target/usbh_diskio.o
                0x08005a1c                USBH_ioctl
 .text.ff_convert
                0x08005af4       0x78 ./Middlewares/FatFs/ccsbcs.o
                0x08005af4                ff_convert
 .text.ff_wtoupper
                0x08005b6c      0x114 ./Middlewares/FatFs/ccsbcs.o
                0x08005b6c                ff_wtoupper
 .text.disk_status
                0x08005c80       0x34 ./Middlewares/FatFs/diskio.o
                0x08005c80                disk_status
 .text.disk_initialize
                0x08005cb4       0x50 ./Middlewares/FatFs/diskio.o
                0x08005cb4                disk_initialize
 .text.disk_read
                0x08005d04       0x40 ./Middlewares/FatFs/diskio.o
                0x08005d04                disk_read
 .text.disk_write
                0x08005d44       0x40 ./Middlewares/FatFs/diskio.o
                0x08005d44                disk_write
 .text.disk_ioctl
                0x08005d84       0x3c ./Middlewares/FatFs/diskio.o
                0x08005d84                disk_ioctl
 .text.ld_word  0x08005dc0       0x30 ./Middlewares/FatFs/ff.o
 .text.ld_dword
                0x08005df0       0x46 ./Middlewares/FatFs/ff.o
 .text.ld_qword
                0x08005e36      0x1b6 ./Middlewares/FatFs/ff.o
 .text.st_word  0x08005fec       0x36 ./Middlewares/FatFs/ff.o
 .text.st_dword
                0x08006022       0x58 ./Middlewares/FatFs/ff.o
 .text.st_qword
                0x0800607a      0x110 ./Middlewares/FatFs/ff.o
 .text.mem_cpy  0x0800618a       0x42 ./Middlewares/FatFs/ff.o
 .text.mem_set  0x080061cc       0x36 ./Middlewares/FatFs/ff.o
 .text.mem_cmp  0x08006202       0x4e ./Middlewares/FatFs/ff.o
 .text.chk_chr  0x08006250       0x36 ./Middlewares/FatFs/ff.o
 *fill*         0x08006286        0x2 
 .text.chk_lock
                0x08006288       0xb8 ./Middlewares/FatFs/ff.o
 .text.enq_lock
                0x08006340       0x44 ./Middlewares/FatFs/ff.o
 .text.inc_lock
                0x08006384      0x11c ./Middlewares/FatFs/ff.o
 .text.dec_lock
                0x080064a0       0x78 ./Middlewares/FatFs/ff.o
 .text.clear_lock
                0x08006518       0x48 ./Middlewares/FatFs/ff.o
 .text.sync_window
                0x08006560       0x88 ./Middlewares/FatFs/ff.o
 .text.move_window
                0x080065e8       0x5a ./Middlewares/FatFs/ff.o
 *fill*         0x08006642        0x2 
 .text.sync_fs  0x08006644       0xe0 ./Middlewares/FatFs/ff.o
 .text.clust2sect
                0x08006724       0x3e ./Middlewares/FatFs/ff.o
 *fill*         0x08006762        0x2 
 .text.get_fat  0x08006764      0x2a8 ./Middlewares/FatFs/ff.o
 .text.put_fat  0x08006a0c      0x23c ./Middlewares/FatFs/ff.o
 .text.find_bitmap
                0x08006c48      0x10e ./Middlewares/FatFs/ff.o
 .text.change_bitmap
                0x08006d56       0xea ./Middlewares/FatFs/ff.o
 .text.fill_first_frag
                0x08006e40       0x5e ./Middlewares/FatFs/ff.o
 .text.fill_last_frag
                0x08006e9e       0x62 ./Middlewares/FatFs/ff.o
 .text.remove_chain
                0x08006f00      0x168 ./Middlewares/FatFs/ff.o
 .text.create_chain
                0x08007068      0x202 ./Middlewares/FatFs/ff.o
 .text.clmt_clust
                0x0800726a       0x98 ./Middlewares/FatFs/ff.o
 .text.dir_sdi  0x08007302      0x128 ./Middlewares/FatFs/ff.o
 .text.dir_next
                0x0800742a      0x1cc ./Middlewares/FatFs/ff.o
 .text.dir_alloc
                0x080075f6       0xb8 ./Middlewares/FatFs/ff.o
 .text.ld_clust
                0x080076ae       0x3e ./Middlewares/FatFs/ff.o
 .text.st_clust
                0x080076ec       0x40 ./Middlewares/FatFs/ff.o
 .text.cmp_lfn  0x0800772c       0xe0 ./Middlewares/FatFs/ff.o
 .text.pick_lfn
                0x0800780c       0xc8 ./Middlewares/FatFs/ff.o
 .text.put_lfn  0x080078d4       0xd0 ./Middlewares/FatFs/ff.o
 .text.gen_numname
                0x080079a4      0x11c ./Middlewares/FatFs/ff.o
 .text.sum_sfn  0x08007ac0       0x42 ./Middlewares/FatFs/ff.o
 .text.xdir_sum
                0x08007b02       0x64 ./Middlewares/FatFs/ff.o
 .text.xname_sum
                0x08007b66       0x68 ./Middlewares/FatFs/ff.o
 .text.get_xdir_info
                0x08007bce      0x104 ./Middlewares/FatFs/ff.o
 *fill*         0x08007cd2        0x2 
 .text.load_xdir
                0x08007cd4      0x17c ./Middlewares/FatFs/ff.o
 .text.load_obj_dir
                0x08007e50       0x6c ./Middlewares/FatFs/ff.o
 .text.store_xdir
                0x08007ebc       0xb6 ./Middlewares/FatFs/ff.o
 .text.create_xdir
                0x08007f72       0xce ./Middlewares/FatFs/ff.o
 .text.dir_read
                0x08008040      0x18e ./Middlewares/FatFs/ff.o
 .text.dir_find
                0x080081ce      0x254 ./Middlewares/FatFs/ff.o
 *fill*         0x08008422        0x2 
 .text.dir_register
                0x08008424      0x354 ./Middlewares/FatFs/ff.o
 .text.get_fileinfo
                0x08008778      0x1da ./Middlewares/FatFs/ff.o
 *fill*         0x08008952        0x2 
 .text.create_name
                0x08008954      0x370 ./Middlewares/FatFs/ff.o
 .text.follow_path
                0x08008cc4      0x15c ./Middlewares/FatFs/ff.o
 .text.get_ldnumber
                0x08008e20       0x88 ./Middlewares/FatFs/ff.o
 .text.check_fs
                0x08008ea8       0xc8 ./Middlewares/FatFs/ff.o
 .text.find_volume
                0x08008f70      0x734 ./Middlewares/FatFs/ff.o
 .text.validate
                0x080096a4       0x6a ./Middlewares/FatFs/ff.o
 *fill*         0x0800970e        0x2 
 .text.f_mount  0x08009710       0x8c ./Middlewares/FatFs/ff.o
                0x08009710                f_mount
 .text.f_open   0x0800979c      0x59e ./Middlewares/FatFs/ff.o
                0x0800979c                f_open
 .text.f_write  0x08009d3a      0x3ae ./Middlewares/FatFs/ff.o
                0x08009d3a                f_write
 .text.f_sync   0x0800a0e8      0x23c ./Middlewares/FatFs/ff.o
                0x0800a0e8                f_sync
 .text.f_close  0x0800a324       0x54 ./Middlewares/FatFs/ff.o
                0x0800a324                f_close
 .text.f_opendir
                0x0800a378      0x152 ./Middlewares/FatFs/ff.o
                0x0800a378                f_opendir
 .text.f_closedir
                0x0800a4ca       0x4c ./Middlewares/FatFs/ff.o
                0x0800a4ca                f_closedir
 .text.f_readdir
                0x0800a516       0x7a ./Middlewares/FatFs/ff.o
                0x0800a516                f_readdir
 .text.f_stat   0x0800a590       0x72 ./Middlewares/FatFs/ff.o
                0x0800a590                f_stat
 .text.f_getfree
                0x0800a602      0x20e ./Middlewares/FatFs/ff.o
                0x0800a602                f_getfree
 .text.FATFS_LinkDriverEx
                0x0800a810       0x98 ./Middlewares/FatFs/ff_gen_drv.o
                0x0800a810                FATFS_LinkDriverEx
 .text.FATFS_LinkDriver
                0x0800a8a8       0x1e ./Middlewares/FatFs/ff_gen_drv.o
                0x0800a8a8                FATFS_LinkDriver
 .text.USBH_Init
                0x0800a8c6       0x74 ./Middlewares/USB_Host_Library/usbh_core.o
                0x0800a8c6                USBH_Init
 .text.DeInitStateMachine
                0x0800a93a       0xe6 ./Middlewares/USB_Host_Library/usbh_core.o
 .text.USBH_RegisterClass
                0x0800aa20       0x54 ./Middlewares/USB_Host_Library/usbh_core.o
                0x0800aa20                USBH_RegisterClass
 .text.USBH_SelectInterface
                0x0800aa74       0x38 ./Middlewares/USB_Host_Library/usbh_core.o
                0x0800aa74                USBH_SelectInterface
 .text.USBH_FindInterface
                0x0800aaac       0x8c ./Middlewares/USB_Host_Library/usbh_core.o
                0x0800aaac                USBH_FindInterface
 .text.USBH_Start
                0x0800ab38       0x20 ./Middlewares/USB_Host_Library/usbh_core.o
                0x0800ab38                USBH_Start
 .text.USBH_Process
                0x0800ab58      0x3d0 ./Middlewares/USB_Host_Library/usbh_core.o
                0x0800ab58                USBH_Process
 .text.USBH_HandleEnum
                0x0800af28      0x3c0 ./Middlewares/USB_Host_Library/usbh_core.o
 .text.USBH_LL_SetTimer
                0x0800b2e8       0x1e ./Middlewares/USB_Host_Library/usbh_core.o
                0x0800b2e8                USBH_LL_SetTimer
 .text.USBH_LL_IncTimer
                0x0800b306       0x24 ./Middlewares/USB_Host_Library/usbh_core.o
                0x0800b306                USBH_LL_IncTimer
 .text.USBH_HandleSof
                0x0800b32a       0x30 ./Middlewares/USB_Host_Library/usbh_core.o
 .text.USBH_LL_PortEnabled
                0x0800b35a       0x1c ./Middlewares/USB_Host_Library/usbh_core.o
                0x0800b35a                USBH_LL_PortEnabled
 .text.USBH_LL_PortDisabled
                0x0800b376       0x1c ./Middlewares/USB_Host_Library/usbh_core.o
                0x0800b376                USBH_LL_PortDisabled
 .text.USBH_LL_Connect
                0x0800b392       0x2e ./Middlewares/USB_Host_Library/usbh_core.o
                0x0800b392                USBH_LL_Connect
 .text.USBH_LL_Disconnect
                0x0800b3c0       0x48 ./Middlewares/USB_Host_Library/usbh_core.o
                0x0800b3c0                USBH_LL_Disconnect
 .text.USBH_Get_DevDesc
                0x0800b408       0x58 ./Middlewares/USB_Host_Library/usbh_ctlreq.o
                0x0800b408                USBH_Get_DevDesc
 .text.USBH_Get_CfgDesc
                0x0800b460       0x54 ./Middlewares/USB_Host_Library/usbh_ctlreq.o
                0x0800b460                USBH_Get_CfgDesc
 .text.USBH_Get_StringDesc
                0x0800b4b4       0x68 ./Middlewares/USB_Host_Library/usbh_ctlreq.o
                0x0800b4b4                USBH_Get_StringDesc
 .text.USBH_GetDescriptor
                0x0800b51c       0x6a ./Middlewares/USB_Host_Library/usbh_ctlreq.o
                0x0800b51c                USBH_GetDescriptor
 .text.USBH_SetAddress
                0x0800b586       0x48 ./Middlewares/USB_Host_Library/usbh_ctlreq.o
                0x0800b586                USBH_SetAddress
 .text.USBH_SetCfg
                0x0800b5ce       0x46 ./Middlewares/USB_Host_Library/usbh_ctlreq.o
                0x0800b5ce                USBH_SetCfg
 .text.USBH_SetFeature
                0x0800b614       0x48 ./Middlewares/USB_Host_Library/usbh_ctlreq.o
                0x0800b614                USBH_SetFeature
 .text.USBH_ClrFeature
                0x0800b65c       0x48 ./Middlewares/USB_Host_Library/usbh_ctlreq.o
                0x0800b65c                USBH_ClrFeature
 .text.USBH_ParseDevDesc
                0x0800b6a4      0x160 ./Middlewares/USB_Host_Library/usbh_ctlreq.o
 .text.USBH_ParseCfgDesc
                0x0800b804      0x1f0 ./Middlewares/USB_Host_Library/usbh_ctlreq.o
 .text.USBH_ParseInterfaceDesc
                0x0800b9f4       0x68 ./Middlewares/USB_Host_Library/usbh_ctlreq.o
 .text.USBH_ParseEPDesc
                0x0800ba5c      0x1d0 ./Middlewares/USB_Host_Library/usbh_ctlreq.o
 .text.USBH_ParseStringDesc
                0x0800bc2c       0x66 ./Middlewares/USB_Host_Library/usbh_ctlreq.o
 .text.USBH_GetNextDesc
                0x0800bc92       0x34 ./Middlewares/USB_Host_Library/usbh_ctlreq.o
                0x0800bc92                USBH_GetNextDesc
 .text.USBH_CtlReq
                0x0800bcc6       0x7a ./Middlewares/USB_Host_Library/usbh_ctlreq.o
                0x0800bcc6                USBH_CtlReq
 .text.USBH_HandleControl
                0x0800bd40      0x2e8 ./Middlewares/USB_Host_Library/usbh_ctlreq.o
 .text.USBH_CtlSendSetup
                0x0800c028       0x34 ./Middlewares/USB_Host_Library/usbh_ioreq.o
                0x0800c028                USBH_CtlSendSetup
 .text.USBH_CtlSendData
                0x0800c05c       0x4a ./Middlewares/USB_Host_Library/usbh_ioreq.o
                0x0800c05c                USBH_CtlSendData
 .text.USBH_CtlReceiveData
                0x0800c0a6       0x3c ./Middlewares/USB_Host_Library/usbh_ioreq.o
                0x0800c0a6                USBH_CtlReceiveData
 .text.USBH_BulkSendData
                0x0800c0e2       0x4a ./Middlewares/USB_Host_Library/usbh_ioreq.o
                0x0800c0e2                USBH_BulkSendData
 .text.USBH_BulkReceiveData
                0x0800c12c       0x3c ./Middlewares/USB_Host_Library/usbh_ioreq.o
                0x0800c12c                USBH_BulkReceiveData
 .text.USBH_MSC_InterfaceInit
                0x0800c168      0x244 ./Middlewares/USB_Host_Library/usbh_msc.o
 .text.USBH_MSC_InterfaceDeInit
                0x0800c3ac       0x8c ./Middlewares/USB_Host_Library/usbh_msc.o
 .text.USBH_MSC_ClassRequest
                0x0800c438       0xce ./Middlewares/USB_Host_Library/usbh_msc.o
 *fill*         0x0800c506        0x2 
 .text.USBH_MSC_Process
                0x0800c508      0x51c ./Middlewares/USB_Host_Library/usbh_msc.o
 .text.USBH_MSC_SOFProcess
                0x0800ca24       0x16 ./Middlewares/USB_Host_Library/usbh_msc.o
 .text.USBH_MSC_RdWrProcess
                0x0800ca3a      0x19e ./Middlewares/USB_Host_Library/usbh_msc.o
 .text.USBH_MSC_UnitIsReady
                0x0800cbd8       0x4c ./Middlewares/USB_Host_Library/usbh_msc.o
                0x0800cbd8                USBH_MSC_UnitIsReady
 .text.USBH_MSC_GetLUNInfo
                0x0800cc24       0x48 ./Middlewares/USB_Host_Library/usbh_msc.o
                0x0800cc24                USBH_MSC_GetLUNInfo
 .text.USBH_MSC_Read
                0x0800cc6c       0xd2 ./Middlewares/USB_Host_Library/usbh_msc.o
                0x0800cc6c                USBH_MSC_Read
 .text.USBH_MSC_Write
                0x0800cd3e       0xd2 ./Middlewares/USB_Host_Library/usbh_msc.o
                0x0800cd3e                USBH_MSC_Write
 .text.USBH_MSC_BOT_REQ_Reset
                0x0800ce10       0x3a ./Middlewares/USB_Host_Library/usbh_msc_bot.o
                0x0800ce10                USBH_MSC_BOT_REQ_Reset
 .text.USBH_MSC_BOT_REQ_GetMaxLUN
                0x0800ce4a       0x3c ./Middlewares/USB_Host_Library/usbh_msc_bot.o
                0x0800ce4a                USBH_MSC_BOT_REQ_GetMaxLUN
 *fill*         0x0800ce86        0x2 
 .text.USBH_MSC_BOT_Init
                0x0800ce88       0x44 ./Middlewares/USB_Host_Library/usbh_msc_bot.o
                0x0800ce88                USBH_MSC_BOT_Init
 .text.USBH_MSC_BOT_Process
                0x0800cecc      0x39c ./Middlewares/USB_Host_Library/usbh_msc_bot.o
                0x0800cecc                USBH_MSC_BOT_Process
 .text.USBH_MSC_BOT_Abort
                0x0800d268       0x58 ./Middlewares/USB_Host_Library/usbh_msc_bot.o
 .text.USBH_MSC_DecodeCSW
                0x0800d2c0       0x88 ./Middlewares/USB_Host_Library/usbh_msc_bot.o
 .text.USBH_MSC_SCSI_TestUnitReady
                0x0800d348       0x86 ./Middlewares/USB_Host_Library/usbh_msc_scsi.o
                0x0800d348                USBH_MSC_SCSI_TestUnitReady
 .text.USBH_MSC_SCSI_ReadCapacity
                0x0800d3ce       0xf4 ./Middlewares/USB_Host_Library/usbh_msc_scsi.o
                0x0800d3ce                USBH_MSC_SCSI_ReadCapacity
 .text.USBH_MSC_SCSI_Inquiry
                0x0800d4c2      0x14a ./Middlewares/USB_Host_Library/usbh_msc_scsi.o
                0x0800d4c2                USBH_MSC_SCSI_Inquiry
 .text.USBH_MSC_SCSI_RequestSense
                0x0800d60c       0xf2 ./Middlewares/USB_Host_Library/usbh_msc_scsi.o
                0x0800d60c                USBH_MSC_SCSI_RequestSense
 .text.USBH_MSC_SCSI_Write
                0x0800d6fe       0xd6 ./Middlewares/USB_Host_Library/usbh_msc_scsi.o
                0x0800d6fe                USBH_MSC_SCSI_Write
 .text.USBH_MSC_SCSI_Read
                0x0800d7d4       0xd6 ./Middlewares/USB_Host_Library/usbh_msc_scsi.o
                0x0800d7d4                USBH_MSC_SCSI_Read
 .text.USBH_OpenPipe
                0x0800d8aa       0x3e ./Middlewares/USB_Host_Library/usbh_pipes.o
                0x0800d8aa                USBH_OpenPipe
 .text.USBH_ClosePipe
                0x0800d8e8       0x20 ./Middlewares/USB_Host_Library/usbh_pipes.o
                0x0800d8e8                USBH_ClosePipe
 .text.USBH_AllocPipe
                0x0800d908       0x42 ./Middlewares/USB_Host_Library/usbh_pipes.o
                0x0800d908                USBH_AllocPipe
 .text.USBH_FreePipe
                0x0800d94a       0x3c ./Middlewares/USB_Host_Library/usbh_pipes.o
                0x0800d94a                USBH_FreePipe
 .text.USBH_GetFreePipe
                0x0800d986       0x48 ./Middlewares/USB_Host_Library/usbh_pipes.o
 *fill*         0x0800d9ce        0x2 
 .text.MX_USB_HOST_Init
                0x0800d9d0       0x4c ./USB_HOST/App/usb_host.o
                0x0800d9d0                MX_USB_HOST_Init
 .text.MX_USB_HOST_Process
                0x0800da1c       0x14 ./USB_HOST/App/usb_host.o
                0x0800da1c                MX_USB_HOST_Process
 .text.USBH_UserProcess
                0x0800da30       0x84 ./USB_HOST/App/usb_host.o
 .text.HAL_HCD_MspInit
                0x0800dab4       0xc4 ./USB_HOST/Target/usbh_conf.o
                0x0800dab4                HAL_HCD_MspInit
 .text.HAL_HCD_SOF_Callback
                0x0800db78       0x1c ./USB_HOST/Target/usbh_conf.o
                0x0800db78                HAL_HCD_SOF_Callback
 .text.HAL_HCD_Connect_Callback
                0x0800db94       0x1c ./USB_HOST/Target/usbh_conf.o
                0x0800db94                HAL_HCD_Connect_Callback
 .text.HAL_HCD_Disconnect_Callback
                0x0800dbb0       0x1c ./USB_HOST/Target/usbh_conf.o
                0x0800dbb0                HAL_HCD_Disconnect_Callback
 .text.HAL_HCD_HC_NotifyURBChange_Callback
                0x0800dbcc       0x1c ./USB_HOST/Target/usbh_conf.o
                0x0800dbcc                HAL_HCD_HC_NotifyURBChange_Callback
 .text.HAL_HCD_PortEnabled_Callback
                0x0800dbe8       0x1c ./USB_HOST/Target/usbh_conf.o
                0x0800dbe8                HAL_HCD_PortEnabled_Callback
 .text.HAL_HCD_PortDisabled_Callback
                0x0800dc04       0x1c ./USB_HOST/Target/usbh_conf.o
                0x0800dc04                HAL_HCD_PortDisabled_Callback
 .text.USBH_LL_Init
                0x0800dc20       0x78 ./USB_HOST/Target/usbh_conf.o
                0x0800dc20                USBH_LL_Init
 .text.USBH_LL_Start
                0x0800dc98       0x36 ./USB_HOST/Target/usbh_conf.o
                0x0800dc98                USBH_LL_Start
 .text.USBH_LL_Stop
                0x0800dcce       0x36 ./USB_HOST/Target/usbh_conf.o
                0x0800dcce                USBH_LL_Stop
 .text.USBH_LL_GetSpeed
                0x0800dd04       0x4e ./USB_HOST/Target/usbh_conf.o
                0x0800dd04                USBH_LL_GetSpeed
 .text.USBH_LL_ResetPort
                0x0800dd52       0x36 ./USB_HOST/Target/usbh_conf.o
                0x0800dd52                USBH_LL_ResetPort
 .text.USBH_LL_GetLastXferSize
                0x0800dd88       0x26 ./USB_HOST/Target/usbh_conf.o
                0x0800dd88                USBH_LL_GetLastXferSize
 .text.USBH_LL_OpenPipe
                0x0800ddae       0x5e ./USB_HOST/Target/usbh_conf.o
                0x0800ddae                USBH_LL_OpenPipe
 .text.USBH_LL_ClosePipe
                0x0800de0c       0x3e ./USB_HOST/Target/usbh_conf.o
                0x0800de0c                USBH_LL_ClosePipe
 .text.USBH_LL_SubmitURB
                0x0800de4a       0x62 ./USB_HOST/Target/usbh_conf.o
                0x0800de4a                USBH_LL_SubmitURB
 .text.USBH_LL_GetURBState
                0x0800deac       0x26 ./USB_HOST/Target/usbh_conf.o
                0x0800deac                USBH_LL_GetURBState
 .text.USBH_LL_DriverVBUS
                0x0800ded2       0x2e ./USB_HOST/Target/usbh_conf.o
                0x0800ded2                USBH_LL_DriverVBUS
 .text.USBH_LL_SetToggle
                0x0800df00       0x66 ./USB_HOST/Target/usbh_conf.o
                0x0800df00                USBH_LL_SetToggle
 .text.USBH_LL_GetToggle
                0x0800df66       0x66 ./USB_HOST/Target/usbh_conf.o
                0x0800df66                USBH_LL_GetToggle
 .text.USBH_Delay
                0x0800dfcc       0x16 ./USB_HOST/Target/usbh_conf.o
                0x0800dfcc                USBH_Delay
 *fill*         0x0800dfe2        0x2 
 .text.USBH_Get_USB_Status
                0x0800dfe4       0x58 ./USB_HOST/Target/usbh_conf.o
                0x0800dfe4                USBH_Get_USB_Status
 .text.MX_DriverVbusFS
                0x0800e03c       0x38 ./USB_HOST/Target/usbh_platform.o
                0x0800e03c                MX_DriverVbusFS
 .text.malloc   0x0800e074       0x10 C:/ST/STM32CubeIDE_1.14.1/STM32CubeIDE/plugins/com.st.stm32cube.ide.mcu.externaltools.gnu-tools-for-stm32.12.3.rel1.win32_1.0.100.202403111256/tools/bin/../lib/gcc/arm-none-eabi/12.3.1/../../../../arm-none-eabi/lib/thumb/v7e-m+fp/hard\libc_nano.a(libc_a-malloc.o)
                0x0800e074                malloc
 .text.free     0x0800e084       0x10 C:/ST/STM32CubeIDE_1.14.1/STM32CubeIDE/plugins/com.st.stm32cube.ide.mcu.externaltools.gnu-tools-for-stm32.12.3.rel1.win32_1.0.100.202403111256/tools/bin/../lib/gcc/arm-none-eabi/12.3.1/../../../../arm-none-eabi/lib/thumb/v7e-m+fp/hard\libc_nano.a(libc_a-malloc.o)
                0x0800e084                free
 .text.sbrk_aligned
                0x0800e094       0x44 C:/ST/STM32CubeIDE_1.14.1/STM32CubeIDE/plugins/com.st.stm32cube.ide.mcu.externaltools.gnu-tools-for-stm32.12.3.rel1.win32_1.0.100.202403111256/tools/bin/../lib/gcc/arm-none-eabi/12.3.1/../../../../arm-none-eabi/lib/thumb/v7e-m+fp/hard\libc_nano.a(libc_a-mallocr.o)
 .text._malloc_r
                0x0800e0d8      0x100 C:/ST/STM32CubeIDE_1.14.1/STM32CubeIDE/plugins/com.st.stm32cube.ide.mcu.externaltools.gnu-tools-for-stm32.12.3.rel1.win32_1.0.100.202403111256/tools/bin/../lib/gcc/arm-none-eabi/12.3.1/../../../../arm-none-eabi/lib/thumb/v7e-m+fp/hard\libc_nano.a(libc_a-mallocr.o)
                0x0800e0d8                _malloc_r
 .text.__malloc_lock
                0x0800e1d8        0xc C:/ST/STM32CubeIDE_1.14.1/STM32CubeIDE/plugins/com.st.stm32cube.ide.mcu.externaltools.gnu-tools-for-stm32.12.3.rel1.win32_1.0.100.202403111256/tools/bin/../lib/gcc/arm-none-eabi/12.3.1/../../../../arm-none-eabi/lib/thumb/v7e-m+fp/hard\libc_nano.a(libc_a-mlock.o)
                0x0800e1d8                __malloc_lock
 .text.__malloc_unlock
                0x0800e1e4        0xc C:/ST/STM32CubeIDE_1.14.1/STM32CubeIDE/plugins/com.st.stm32cube.ide.mcu.externaltools.gnu-tools-for-stm32.12.3.rel1.win32_1.0.100.202403111256/tools/bin/../lib/gcc/arm-none-eabi/12.3.1/../../../../arm-none-eabi/lib/thumb/v7e-m+fp/hard\libc_nano.a(libc_a-mlock.o)
                0x0800e1e4                __malloc_unlock
 .text.sprintf  0x0800e1f0       0x40 C:/ST/STM32CubeIDE_1.14.1/STM32CubeIDE/plugins/com.st.stm32cube.ide.mcu.externaltools.gnu-tools-for-stm32.12.3.rel1.win32_1.0.100.202403111256/tools/bin/../lib/gcc/arm-none-eabi/12.3.1/../../../../arm-none-eabi/lib/thumb/v7e-m+fp/hard\libc_nano.a(libc_a-sprintf.o)
                0x0800e1f0                siprintf
                0x0800e1f0                sprintf
 .text.memset   0x0800e230       0x10 C:/ST/STM32CubeIDE_1.14.1/STM32CubeIDE/plugins/com.st.stm32cube.ide.mcu.externaltools.gnu-tools-for-stm32.12.3.rel1.win32_1.0.100.202403111256/tools/bin/../lib/gcc/arm-none-eabi/12.3.1/../../../../arm-none-eabi/lib/thumb/v7e-m+fp/hard\libc_nano.a(libc_a-memset.o)
                0x0800e230                memset
 .text._sbrk_r  0x0800e240       0x20 C:/ST/STM32CubeIDE_1.14.1/STM32CubeIDE/plugins/com.st.stm32cube.ide.mcu.externaltools.gnu-tools-for-stm32.12.3.rel1.win32_1.0.100.202403111256/tools/bin/../lib/gcc/arm-none-eabi/12.3.1/../../../../arm-none-eabi/lib/thumb/v7e-m+fp/hard\libc_nano.a(libc_a-sbrkr.o)
                0x0800e240                _sbrk_r
 .text.__errno  0x0800e260        0xc C:/ST/STM32CubeIDE_1.14.1/STM32CubeIDE/plugins/com.st.stm32cube.ide.mcu.externaltools.gnu-tools-for-stm32.12.3.rel1.win32_1.0.100.202403111256/tools/bin/../lib/gcc/arm-none-eabi/12.3.1/../../../../arm-none-eabi/lib/thumb/v7e-m+fp/hard\libc_nano.a(libc_a-errno.o)
                0x0800e260                __errno
 .text.__libc_init_array
                0x0800e26c       0x48 C:/ST/STM32CubeIDE_1.14.1/STM32CubeIDE/plugins/com.st.stm32cube.ide.mcu.externaltools.gnu-tools-for-stm32.12.3.rel1.win32_1.0.100.202403111256/tools/bin/../lib/gcc/arm-none-eabi/12.3.1/../../../../arm-none-eabi/lib/thumb/v7e-m+fp/hard\libc_nano.a(libc_a-init.o)
                0x0800e26c                __libc_init_array
 .text.__retarget_lock_acquire_recursive
                0x0800e2b4        0x2 C:/ST/STM32CubeIDE_1.14.1/STM32CubeIDE/plugins/com.st.stm32cube.ide.mcu.externaltools.gnu-tools-for-stm32.12.3.rel1.win32_1.0.100.202403111256/tools/bin/../lib/gcc/arm-none-eabi/12.3.1/../../../../arm-none-eabi/lib/thumb/v7e-m+fp/hard\libc_nano.a(libc_a-lock.o)
                0x0800e2b4                __retarget_lock_acquire_recursive
 .text.__retarget_lock_release_recursive
                0x0800e2b6        0x2 C:/ST/STM32CubeIDE_1.14.1/STM32CubeIDE/plugins/com.st.stm32cube.ide.mcu.externaltools.gnu-tools-for-stm32.12.3.rel1.win32_1.0.100.202403111256/tools/bin/../lib/gcc/arm-none-eabi/12.3.1/../../../../arm-none-eabi/lib/thumb/v7e-m+fp/hard\libc_nano.a(libc_a-lock.o)
                0x0800e2b6                __retarget_lock_release_recursive
 .text.memcpy   0x0800e2b8       0x1c C:/ST/STM32CubeIDE_1.14.1/STM32CubeIDE/plugins/com.st.stm32cube.ide.mcu.externaltools.gnu-tools-for-stm32.12.3.rel1.win32_1.0.100.202403111256/tools/bin/../lib/gcc/arm-none-eabi/12.3.1/../../../../arm-none-eabi/lib/thumb/v7e-m+fp/hard\libc_nano.a(libc_a-memcpy-stub.o)
                0x0800e2b8                memcpy
 .text._free_r  0x0800e2d4       0x94 C:/ST/STM32CubeIDE_1.14.1/STM32CubeIDE/plugins/com.st.stm32cube.ide.mcu.externaltools.gnu-tools-for-stm32.12.3.rel1.win32_1.0.100.202403111256/tools/bin/../lib/gcc/arm-none-eabi/12.3.1/../../../../arm-none-eabi/lib/thumb/v7e-m+fp/hard\libc_nano.a(libc_a-freer.o)
                0x0800e2d4                _free_r
 .text.__ssputs_r
                0x0800e368       0xb6 C:/ST/STM32CubeIDE_1.14.1/STM32CubeIDE/plugins/com.st.stm32cube.ide.mcu.externaltools.gnu-tools-for-stm32.12.3.rel1.win32_1.0.100.202403111256/tools/bin/../lib/gcc/arm-none-eabi/12.3.1/../../../../arm-none-eabi/lib/thumb/v7e-m+fp/hard\libc_nano.a(libc_a-nano-svfprintf.o)
                0x0800e368                __ssputs_r
 *fill*         0x0800e41e        0x2 
 .text._svfprintf_r
                0x0800e420      0x1f8 C:/ST/STM32CubeIDE_1.14.1/STM32CubeIDE/plugins/com.st.stm32cube.ide.mcu.externaltools.gnu-tools-for-stm32.12.3.rel1.win32_1.0.100.202403111256/tools/bin/../lib/gcc/arm-none-eabi/12.3.1/../../../../arm-none-eabi/lib/thumb/v7e-m+fp/hard\libc_nano.a(libc_a-nano-svfprintf.o)
                0x0800e420                _svfiprintf_r
                0x0800e420                _svfprintf_r
 .text._printf_common
                0x0800e618       0xda C:/ST/STM32CubeIDE_1.14.1/STM32CubeIDE/plugins/com.st.stm32cube.ide.mcu.externaltools.gnu-tools-for-stm32.12.3.rel1.win32_1.0.100.202403111256/tools/bin/../lib/gcc/arm-none-eabi/12.3.1/../../../../arm-none-eabi/lib/thumb/v7e-m+fp/hard\libc_nano.a(libc_a-nano-vfprintf_i.o)
                0x0800e618                _printf_common
 *fill*         0x0800e6f2        0x2 
 .text._printf_i
                0x0800e6f4      0x240 C:/ST/STM32CubeIDE_1.14.1/STM32CubeIDE/plugins/com.st.stm32cube.ide.mcu.externaltools.gnu-tools-for-stm32.12.3.rel1.win32_1.0.100.202403111256/tools/bin/../lib/gcc/arm-none-eabi/12.3.1/../../../../arm-none-eabi/lib/thumb/v7e-m+fp/hard\libc_nano.a(libc_a-nano-vfprintf_i.o)
                0x0800e6f4                _printf_i
 .text.memmove  0x0800e934       0x34 C:/ST/STM32CubeIDE_1.14.1/STM32CubeIDE/plugins/com.st.stm32cube.ide.mcu.externaltools.gnu-tools-for-stm32.12.3.rel1.win32_1.0.100.202403111256/tools/bin/../lib/gcc/arm-none-eabi/12.3.1/../../../../arm-none-eabi/lib/thumb/v7e-m+fp/hard\libc_nano.a(libc_a-memmove.o)
                0x0800e934                memmove
 .text._realloc_r
                0x0800e968       0x5c C:/ST/STM32CubeIDE_1.14.1/STM32CubeIDE/plugins/com.st.stm32cube.ide.mcu.externaltools.gnu-tools-for-stm32.12.3.rel1.win32_1.0.100.202403111256/tools/bin/../lib/gcc/arm-none-eabi/12.3.1/../../../../arm-none-eabi/lib/thumb/v7e-m+fp/hard\libc_nano.a(libc_a-reallocr.o)
                0x0800e968                _realloc_r
 .text._malloc_usable_size_r
                0x0800e9c4       0x10 C:/ST/STM32CubeIDE_1.14.1/STM32CubeIDE/plugins/com.st.stm32cube.ide.mcu.externaltools.gnu-tools-for-stm32.12.3.rel1.win32_1.0.100.202403111256/tools/bin/../lib/gcc/arm-none-eabi/12.3.1/../../../../arm-none-eabi/lib/thumb/v7e-m+fp/hard\libc_nano.a(libc_a-msizer.o)
                0x0800e9c4                _malloc_usable_size_r
 *(.glue_7)
 .glue_7        0x0800e9d4        0x0 linker stubs
 *(.glue_7t)
 .glue_7t       0x0800e9d4        0x0 linker stubs
 *(.eh_frame)
 .eh_frame      0x0800e9d4        0x0 C:/ST/STM32CubeIDE_1.14.1/STM32CubeIDE/plugins/com.st.stm32cube.ide.mcu.externaltools.gnu-tools-for-stm32.12.3.rel1.win32_1.0.100.202403111256/tools/bin/../lib/gcc/arm-none-eabi/12.3.1/thumb/v7e-m+fp/hard/crtbegin.o
 *(.init)
 .init          0x0800e9d4        0x4 C:/ST/STM32CubeIDE_1.14.1/STM32CubeIDE/plugins/com.st.stm32cube.ide.mcu.externaltools.gnu-tools-for-stm32.12.3.rel1.win32_1.0.100.202403111256/tools/bin/../lib/gcc/arm-none-eabi/12.3.1/thumb/v7e-m+fp/hard/crti.o
                0x0800e9d4                _init
 .init          0x0800e9d8        0x8 C:/ST/STM32CubeIDE_1.14.1/STM32CubeIDE/plugins/com.st.stm32cube.ide.mcu.externaltools.gnu-tools-for-stm32.12.3.rel1.win32_1.0.100.202403111256/tools/bin/../lib/gcc/arm-none-eabi/12.3.1/thumb/v7e-m+fp/hard/crtn.o
 *(.fini)
 .fini          0x0800e9e0        0x4 C:/ST/STM32CubeIDE_1.14.1/STM32CubeIDE/plugins/com.st.stm32cube.ide.mcu.externaltools.gnu-tools-for-stm32.12.3.rel1.win32_1.0.100.202403111256/tools/bin/../lib/gcc/arm-none-eabi/12.3.1/thumb/v7e-m+fp/hard/crti.o
                0x0800e9e0                _fini
 .fini          0x0800e9e4        0x8 C:/ST/STM32CubeIDE_1.14.1/STM32CubeIDE/plugins/com.st.stm32cube.ide.mcu.externaltools.gnu-tools-for-stm32.12.3.rel1.win32_1.0.100.202403111256/tools/bin/../lib/gcc/arm-none-eabi/12.3.1/thumb/v7e-m+fp/hard/crtn.o
                0x0800e9ec                        . = ALIGN (0x4)
                0x0800e9ec                        _etext = .

.vfp11_veneer   0x0800e9ec        0x0
 .vfp11_veneer  0x0800e9ec        0x0 linker stubs

.v4_bx          0x0800e9ec        0x0
 .v4_bx         0x0800e9ec        0x0 linker stubs

.iplt           0x0800e9ec        0x0
 .iplt          0x0800e9ec        0x0 C:/ST/STM32CubeIDE_1.14.1/STM32CubeIDE/plugins/com.st.stm32cube.ide.mcu.externaltools.gnu-tools-for-stm32.12.3.rel1.win32_1.0.100.202403111256/tools/bin/../lib/gcc/arm-none-eabi/12.3.1/thumb/v7e-m+fp/hard/crtbegin.o

.rodata         0x0800e9ec      0x954
                0x0800e9ec                        . = ALIGN (0x4)
 *(.rodata)
 .rodata        0x0800e9ec      0x42a ./Core/Src/File_Handling.o
 *fill*         0x0800ee16        0x2 
 .rodata        0x0800ee18       0x24 ./Core/Src/main.o
 .rodata        0x0800ee3c       0x54 ./Middlewares/FatFs/ff.o
 .rodata        0x0800ee90        0x4 ./Middlewares/USB_Host_Library/usbh_msc.o
 .rodata        0x0800ee94       0x17 ./USB_HOST/App/usb_host.o
 *(.rodata*)
 *fill*         0x0800eeab        0x1 
 .rodata.AHBPrescTable
                0x0800eeac       0x10 ./Core/Src/system_stm32f4xx.o
                0x0800eeac                AHBPrescTable
 .rodata.USBH_Driver
                0x0800eebc       0x14 ./FATFS/Target/usbh_diskio.o
                0x0800eebc                USBH_Driver
 .rodata.Tbl    0x0800eed0      0x100 ./Middlewares/FatFs/ccsbcs.o
 .rodata.cvt1.1
                0x0800efd0      0x1f2 ./Middlewares/FatFs/ccsbcs.o
 *fill*         0x0800f1c2        0x2 
 .rodata.cvt2.0
                0x0800f1c4       0xbc ./Middlewares/FatFs/ccsbcs.o
 .rodata.ExCvt  0x0800f280       0x80 ./Middlewares/FatFs/ff.o
 .rodata.LfnOfs
                0x0800f300        0xd ./Middlewares/FatFs/ff.o
 .rodata._svfprintf_r.str1.1
                0x0800f30d       0x11 C:/ST/STM32CubeIDE_1.14.1/STM32CubeIDE/plugins/com.st.stm32cube.ide.mcu.externaltools.gnu-tools-for-stm32.12.3.rel1.win32_1.0.100.202403111256/tools/bin/../lib/gcc/arm-none-eabi/12.3.1/../../../../arm-none-eabi/lib/thumb/v7e-m+fp/hard\libc_nano.a(libc_a-nano-svfprintf.o)
 .rodata._printf_i.str1.1
                0x0800f31e       0x22 C:/ST/STM32CubeIDE_1.14.1/STM32CubeIDE/plugins/com.st.stm32cube.ide.mcu.externaltools.gnu-tools-for-stm32.12.3.rel1.win32_1.0.100.202403111256/tools/bin/../lib/gcc/arm-none-eabi/12.3.1/../../../../arm-none-eabi/lib/thumb/v7e-m+fp/hard\libc_nano.a(libc_a-nano-vfprintf_i.o)
                0x0800f340                        . = ALIGN (0x4)

.ARM.extab      0x0800f340        0x0
                0x0800f340                        . = ALIGN (0x4)
 *(.ARM.extab* .gnu.linkonce.armextab.*)
                0x0800f340                        . = ALIGN (0x4)

.ARM            0x0800f340        0x8
                0x0800f340                        . = ALIGN (0x4)
                0x0800f340                        __exidx_start = .
 *(.ARM.exidx*)
 .ARM.exidx     0x0800f340        0x8 C:/ST/STM32CubeIDE_1.14.1/STM32CubeIDE/plugins/com.st.stm32cube.ide.mcu.externaltools.gnu-tools-for-stm32.12.3.rel1.win32_1.0.100.202403111256/tools/bin/../lib/gcc/arm-none-eabi/12.3.1/../../../../arm-none-eabi/lib/thumb/v7e-m+fp/hard\libc_nano.a(libc_a-strcmp.o)
 .ARM.exidx     0x0800f348        0x0 C:/ST/STM32CubeIDE_1.14.1/STM32CubeIDE/plugins/com.st.stm32cube.ide.mcu.externaltools.gnu-tools-for-stm32.12.3.rel1.win32_1.0.100.202403111256/tools/bin/../lib/gcc/arm-none-eabi/12.3.1/../../../../arm-none-eabi/lib/thumb/v7e-m+fp/hard\libc_nano.a(libc_a-strlen.o)
                                  0x8 (size before relaxing)
 .ARM.exidx     0x0800f348        0x0 C:/ST/STM32CubeIDE_1.14.1/STM32CubeIDE/plugins/com.st.stm32cube.ide.mcu.externaltools.gnu-tools-for-stm32.12.3.rel1.win32_1.0.100.202403111256/tools/bin/../lib/gcc/arm-none-eabi/12.3.1/../../../../arm-none-eabi/lib/thumb/v7e-m+fp/hard\libc_nano.a(libc_a-memchr.o)
                                  0x8 (size before relaxing)
 .ARM.exidx     0x0800f348        0x0 C:/ST/STM32CubeIDE_1.14.1/STM32CubeIDE/plugins/com.st.stm32cube.ide.mcu.externaltools.gnu-tools-for-stm32.12.3.rel1.win32_1.0.100.202403111256/tools/bin/../lib/gcc/arm-none-eabi/12.3.1/thumb/v7e-m+fp/hard\libgcc.a(_udivmoddi4.o)
                                  0x8 (size before relaxing)
                0x0800f348                        __exidx_end = .
                0x0800f348                        . = ALIGN (0x4)

.preinit_array  0x0800f348        0x0
                0x0800f348                        . = ALIGN (0x4)
                0x0800f348                        PROVIDE (__preinit_array_start = .)
 *(.preinit_array*)
                0x0800f348                        PROVIDE (__preinit_array_end = .)
                0x0800f348                        . = ALIGN (0x4)

.init_array     0x0800f348        0x4
                0x0800f348                        . = ALIGN (0x4)
                0x0800f348                        PROVIDE (__init_array_start = .)
 *(SORT_BY_NAME(.init_array.*))
 *(.init_array*)
 .init_array    0x0800f348        0x4 C:/ST/STM32CubeIDE_1.14.1/STM32CubeIDE/plugins/com.st.stm32cube.ide.mcu.externaltools.gnu-tools-for-stm32.12.3.rel1.win32_1.0.100.202403111256/tools/bin/../lib/gcc/arm-none-eabi/12.3.1/thumb/v7e-m+fp/hard/crtbegin.o
                0x0800f34c                        PROVIDE (__init_array_end = .)
                0x0800f34c                        . = ALIGN (0x4)

.fini_array     0x0800f34c        0x4
                0x0800f34c                        . = ALIGN (0x4)
                [!provide]                        PROVIDE (__fini_array_start = .)
 *(SORT_BY_NAME(.fini_array.*))
 *(.fini_array*)
 .fini_array    0x0800f34c        0x4 C:/ST/STM32CubeIDE_1.14.1/STM32CubeIDE/plugins/com.st.stm32cube.ide.mcu.externaltools.gnu-tools-for-stm32.12.3.rel1.win32_1.0.100.202403111256/tools/bin/../lib/gcc/arm-none-eabi/12.3.1/thumb/v7e-m+fp/hard/crtbegin.o
                [!provide]                        PROVIDE (__fini_array_end = .)
                0x0800f350                        . = ALIGN (0x4)
                0x0800f350                        _sidata = LOADADDR (.data)

.rel.dyn        0x0800f350        0x0
 .rel.iplt      0x0800f350        0x0 C:/ST/STM32CubeIDE_1.14.1/STM32CubeIDE/plugins/com.st.stm32cube.ide.mcu.externaltools.gnu-tools-for-stm32.12.3.rel1.win32_1.0.100.202403111256/tools/bin/../lib/gcc/arm-none-eabi/12.3.1/thumb/v7e-m+fp/hard/crtbegin.o

.data           0x20000000       0x7c load address 0x0800f350
                0x20000000                        . = ALIGN (0x4)
                0x20000000                        _sdata = .
 *(.data)
 *(.data*)
 .data.SystemCoreClock
                0x20000000        0x4 ./Core/Src/system_stm32f4xx.o
                0x20000000                SystemCoreClock
 .data.uwTickPrio
                0x20000004        0x4 ./Drivers/STM32F4xx_HAL_Driver/stm32f4xx_hal.o
                0x20000004                uwTickPrio
 .data.uwTickFreq
                0x20000008        0x1 ./Drivers/STM32F4xx_HAL_Driver/stm32f4xx_hal.o
                0x20000008                uwTickFreq
 *fill*         0x20000009        0x3 
 .data.USBH_msc
                0x2000000c       0x20 ./Middlewares/USB_Host_Library/usbh_msc.o
                0x2000000c                USBH_msc
 .data._impure_ptr
                0x2000002c        0x4 C:/ST/STM32CubeIDE_1.14.1/STM32CubeIDE/plugins/com.st.stm32cube.ide.mcu.externaltools.gnu-tools-for-stm32.12.3.rel1.win32_1.0.100.202403111256/tools/bin/../lib/gcc/arm-none-eabi/12.3.1/../../../../arm-none-eabi/lib/thumb/v7e-m+fp/hard\libc_nano.a(libc_a-impure.o)
                0x2000002c                _impure_ptr
 .data._impure_data
                0x20000030       0x4c C:/ST/STM32CubeIDE_1.14.1/STM32CubeIDE/plugins/com.st.stm32cube.ide.mcu.externaltools.gnu-tools-for-stm32.12.3.rel1.win32_1.0.100.202403111256/tools/bin/../lib/gcc/arm-none-eabi/12.3.1/../../../../arm-none-eabi/lib/thumb/v7e-m+fp/hard\libc_nano.a(libc_a-impure.o)
                0x20000030                _impure_data
 *(.RamFunc)
 *(.RamFunc*)
                0x2000007c                        . = ALIGN (0x4)
                0x2000007c                        _edata = .
                0x0800f3cc                        _siccmram = LOADADDR (.ccmram)

.igot.plt       0x2000007c        0x0 load address 0x0800f3cc
 .igot.plt      0x2000007c        0x0 C:/ST/STM32CubeIDE_1.14.1/STM32CubeIDE/plugins/com.st.stm32cube.ide.mcu.externaltools.gnu-tools-for-stm32.12.3.rel1.win32_1.0.100.202403111256/tools/bin/../lib/gcc/arm-none-eabi/12.3.1/thumb/v7e-m+fp/hard/crtbegin.o

.ccmram         0x10000000        0x0 load address 0x0800f3cc
                0x10000000                        . = ALIGN (0x4)
                0x10000000                        _sccmram = .
 *(.ccmram)
 *(.ccmram*)
                0x10000000                        . = ALIGN (0x4)
                0x10000000                        _eccmram = .
                0x10000000                        . = ALIGN (0x4)

.bss            0x20000080     0x2f98
                0x20000080                        _sbss = .
                0x20000080                        __bss_start__ = _sbss
 *(.bss)
 .bss           0x20000080       0x1c C:/ST/STM32CubeIDE_1.14.1/STM32CubeIDE/plugins/com.st.stm32cube.ide.mcu.externaltools.gnu-tools-for-stm32.12.3.rel1.win32_1.0.100.202403111256/tools/bin/../lib/gcc/arm-none-eabi/12.3.1/thumb/v7e-m+fp/hard/crtbegin.o
 *(.bss*)
 *fill*         0x2000009c        0x4 
 .bss.USBHfno   0x200000a0      0x120 ./Core/Src/File_Handling.o
                0x200000a0                USBHfno
 .bss.fresult   0x200001c0        0x1 ./Core/Src/File_Handling.o
                0x200001c0                fresult
 *fill*         0x200001c1        0x3 
 .bss.bw        0x200001c4        0x4 ./Core/Src/File_Handling.o
                0x200001c4                bw
 .bss.pUSBHFatFS
                0x200001c8        0x4 ./Core/Src/File_Handling.o
                0x200001c8                pUSBHFatFS
 .bss.fre_clust
                0x200001cc        0x4 ./Core/Src/File_Handling.o
                0x200001cc                fre_clust
 .bss.total     0x200001d0        0x4 ./Core/Src/File_Handling.o
                0x200001d0                total
 .bss.free_space
                0x200001d4        0x4 ./Core/Src/File_Handling.o
                0x200001d4                free_space
 .bss.__sbrk_heap_end
                0x200001d8        0x4 ./Core/Src/sysmem.o
 .bss.uwTick    0x200001dc        0x4 ./Drivers/STM32F4xx_HAL_Driver/stm32f4xx_hal.o
                0x200001dc                uwTick
 .bss.retUSBH   0x200001e0        0x1 ./FATFS/App/fatfs.o
                0x200001e0                retUSBH
 *fill*         0x200001e1        0x3 
 .bss.USBHPath  0x200001e4        0x4 ./FATFS/App/fatfs.o
                0x200001e4                USBHPath
 .bss.USBHFatFS
                0x200001e8     0x103c ./FATFS/App/fatfs.o
                0x200001e8                USBHFatFS
 *fill*         0x20001224        0x4 
 .bss.USBHFile  0x20001228     0x1058 ./FATFS/App/fatfs.o
                0x20001228                USBHFile
 .bss.FatFs     0x20002280        0x4 ./Middlewares/FatFs/ff.o
 .bss.Fsid      0x20002284        0x2 ./Middlewares/FatFs/ff.o
 *fill*         0x20002286        0x2 
 .bss.Files     0x20002288       0x20 ./Middlewares/FatFs/ff.o
 .bss.DirBuf    0x200022a8      0x260 ./Middlewares/FatFs/ff.o
 .bss.LfnBuf    0x20002508      0x200 ./Middlewares/FatFs/ff.o
 .bss.disk      0x20002708        0xc ./Middlewares/FatFs/ff_gen_drv.o
                0x20002708                disk
 .bss.hUsbHostFS
                0x20002714      0x3d8 ./USB_HOST/App/usb_host.o
                0x20002714                hUsbHostFS
 .bss.Appli_state
                0x20002aec        0x1 ./USB_HOST/App/usb_host.o
                0x20002aec                Appli_state
 *fill*         0x20002aed        0x3 
 .bss.hhcd_USB_OTG_FS
                0x20002af0      0x3e0 ./USB_HOST/Target/usbh_conf.o
                0x20002af0                hhcd_USB_OTG_FS
 .bss.__malloc_sbrk_start
                0x20002ed0        0x4 C:/ST/STM32CubeIDE_1.14.1/STM32CubeIDE/plugins/com.st.stm32cube.ide.mcu.externaltools.gnu-tools-for-stm32.12.3.rel1.win32_1.0.100.202403111256/tools/bin/../lib/gcc/arm-none-eabi/12.3.1/../../../../arm-none-eabi/lib/thumb/v7e-m+fp/hard\libc_nano.a(libc_a-mallocr.o)
                0x20002ed0                __malloc_sbrk_start
 .bss.__malloc_free_list
                0x20002ed4        0x4 C:/ST/STM32CubeIDE_1.14.1/STM32CubeIDE/plugins/com.st.stm32cube.ide.mcu.externaltools.gnu-tools-for-stm32.12.3.rel1.win32_1.0.100.202403111256/tools/bin/../lib/gcc/arm-none-eabi/12.3.1/../../../../arm-none-eabi/lib/thumb/v7e-m+fp/hard\libc_nano.a(libc_a-mallocr.o)
                0x20002ed4                __malloc_free_list
 .bss.__sf      0x20002ed8      0x138 C:/ST/STM32CubeIDE_1.14.1/STM32CubeIDE/plugins/com.st.stm32cube.ide.mcu.externaltools.gnu-tools-for-stm32.12.3.rel1.win32_1.0.100.202403111256/tools/bin/../lib/gcc/arm-none-eabi/12.3.1/../../../../arm-none-eabi/lib/thumb/v7e-m+fp/hard\libc_nano.a(libc_a-findfp.o)
                0x20002ed8                __sf
 .bss.errno     0x20003010        0x4 C:/ST/STM32CubeIDE_1.14.1/STM32CubeIDE/plugins/com.st.stm32cube.ide.mcu.externaltools.gnu-tools-for-stm32.12.3.rel1.win32_1.0.100.202403111256/tools/bin/../lib/gcc/arm-none-eabi/12.3.1/../../../../arm-none-eabi/lib/thumb/v7e-m+fp/hard\libc_nano.a(libc_a-reent.o)
                0x20003010                errno
 .bss.__lock___malloc_recursive_mutex
                0x20003014        0x1 C:/ST/STM32CubeIDE_1.14.1/STM32CubeIDE/plugins/com.st.stm32cube.ide.mcu.externaltools.gnu-tools-for-stm32.12.3.rel1.win32_1.0.100.202403111256/tools/bin/../lib/gcc/arm-none-eabi/12.3.1/../../../../arm-none-eabi/lib/thumb/v7e-m+fp/hard\libc_nano.a(libc_a-lock.o)
                0x20003014                __lock___malloc_recursive_mutex
 *(COMMON)
                0x20003018                        . = ALIGN (0x4)
 *fill*         0x20003015        0x3 
                0x20003018                        _ebss = .
                0x20003018                        __bss_end__ = _ebss

._user_heap_stack
                0x20003018      0x600
                0x20003018                        . = ALIGN (0x8)
                [!provide]                        PROVIDE (end = .)
                0x20003018                        PROVIDE (_end = .)
                0x20003218                        . = (. + _Min_Heap_Size)
 *fill*         0x20003018      0x200 
                0x20003618                        . = (. + _Min_Stack_Size)
 *fill*         0x20003218      0x400 
                0x20003618                        . = ALIGN (0x8)

/DISCARD/
 libc.a(*)
 libm.a(*)
 libgcc.a(*)

.ARM.attributes
                0x00000000       0x30
 *(.ARM.attributes)
 .ARM.attributes
                0x00000000       0x22 C:/ST/STM32CubeIDE_1.14.1/STM32CubeIDE/plugins/com.st.stm32cube.ide.mcu.externaltools.gnu-tools-for-stm32.12.3.rel1.win32_1.0.100.202403111256/tools/bin/../lib/gcc/arm-none-eabi/12.3.1/thumb/v7e-m+fp/hard/crti.o
 .ARM.attributes
                0x00000022       0x34 C:/ST/STM32CubeIDE_1.14.1/STM32CubeIDE/plugins/com.st.stm32cube.ide.mcu.externaltools.gnu-tools-for-stm32.12.3.rel1.win32_1.0.100.202403111256/tools/bin/../lib/gcc/arm-none-eabi/12.3.1/thumb/v7e-m+fp/hard/crtbegin.o
 .ARM.attributes
                0x00000056       0x34 ./Core/Src/File_Handling.o
 .ARM.attributes
                0x0000008a       0x34 ./Core/Src/main.o
 .ARM.attributes
                0x000000be       0x34 ./Core/Src/stm32f4xx_hal_msp.o
 .ARM.attributes
                0x000000f2       0x34 ./Core/Src/stm32f4xx_it.o
 .ARM.attributes
                0x00000126       0x34 ./Core/Src/sysmem.o
 .ARM.attributes
                0x0000015a       0x34 ./Core/Src/system_stm32f4xx.o
 .ARM.attributes
                0x0000018e       0x21 ./Core/Startup/startup_stm32f407vgtx.o
 .ARM.attributes
                0x000001af       0x34 ./Drivers/STM32F4xx_HAL_Driver/stm32f4xx_hal.o
 .ARM.attributes
                0x000001e3       0x34 ./Drivers/STM32F4xx_HAL_Driver/stm32f4xx_hal_cortex.o
 .ARM.attributes
                0x00000217       0x34 ./Drivers/STM32F4xx_HAL_Driver/stm32f4xx_hal_gpio.o
 .ARM.attributes
                0x0000024b       0x34 ./Drivers/STM32F4xx_HAL_Driver/stm32f4xx_hal_hcd.o
 .ARM.attributes
                0x0000027f       0x34 ./Drivers/STM32F4xx_HAL_Driver/stm32f4xx_hal_rcc.o
 .ARM.attributes
                0x000002b3       0x34 ./Drivers/STM32F4xx_HAL_Driver/stm32f4xx_ll_usb.o
 .ARM.attributes
                0x000002e7       0x34 ./FATFS/App/fatfs.o
 .ARM.attributes
                0x0000031b       0x34 ./FATFS/Target/usbh_diskio.o
 .ARM.attributes
                0x0000034f       0x34 ./Middlewares/FatFs/ccsbcs.o
 .ARM.attributes
                0x00000383       0x34 ./Middlewares/FatFs/diskio.o
 .ARM.attributes
                0x000003b7       0x34 ./Middlewares/FatFs/ff.o
 .ARM.attributes
                0x000003eb       0x34 ./Middlewares/FatFs/ff_gen_drv.o
 .ARM.attributes
                0x0000041f       0x34 ./Middlewares/USB_Host_Library/usbh_core.o
 .ARM.attributes
                0x00000453       0x34 ./Middlewares/USB_Host_Library/usbh_ctlreq.o
 .ARM.attributes
                0x00000487       0x34 ./Middlewares/USB_Host_Library/usbh_ioreq.o
 .ARM.attributes
                0x000004bb       0x34 ./Middlewares/USB_Host_Library/usbh_msc.o
 .ARM.attributes
                0x000004ef       0x34 ./Middlewares/USB_Host_Library/usbh_msc_bot.o
 .ARM.attributes
                0x00000523       0x34 ./Middlewares/USB_Host_Library/usbh_msc_scsi.o
 .ARM.attributes
                0x00000557       0x34 ./Middlewares/USB_Host_Library/usbh_pipes.o
 .ARM.attributes
                0x0000058b       0x34 ./USB_HOST/App/usb_host.o
 .ARM.attributes
                0x000005bf       0x34 ./USB_HOST/Target/usbh_conf.o
 .ARM.attributes
                0x000005f3       0x34 ./USB_HOST/Target/usbh_platform.o
 .ARM.attributes
                0x00000627       0x34 C:/ST/STM32CubeIDE_1.14.1/STM32CubeIDE/plugins/com.st.stm32cube.ide.mcu.externaltools.gnu-tools-for-stm32.12.3.rel1.win32_1.0.100.202403111256/tools/bin/../lib/gcc/arm-none-eabi/12.3.1/../../../../arm-none-eabi/lib/thumb/v7e-m+fp/hard\libc_nano.a(libc_a-malloc.o)
 .ARM.attributes
                0x0000065b       0x34 C:/ST/STM32CubeIDE_1.14.1/STM32CubeIDE/plugins/com.st.stm32cube.ide.mcu.externaltools.gnu-tools-for-stm32.12.3.rel1.win32_1.0.100.202403111256/tools/bin/../lib/gcc/arm-none-eabi/12.3.1/../../../../arm-none-eabi/lib/thumb/v7e-m+fp/hard\libc_nano.a(libc_a-mallocr.o)
 .ARM.attributes
                0x0000068f       0x34 C:/ST/STM32CubeIDE_1.14.1/STM32CubeIDE/plugins/com.st.stm32cube.ide.mcu.externaltools.gnu-tools-for-stm32.12.3.rel1.win32_1.0.100.202403111256/tools/bin/../lib/gcc/arm-none-eabi/12.3.1/../../../../arm-none-eabi/lib/thumb/v7e-m+fp/hard\libc_nano.a(libc_a-mlock.o)
 .ARM.attributes
                0x000006c3       0x34 C:/ST/STM32CubeIDE_1.14.1/STM32CubeIDE/plugins/com.st.stm32cube.ide.mcu.externaltools.gnu-tools-for-stm32.12.3.rel1.win32_1.0.100.202403111256/tools/bin/../lib/gcc/arm-none-eabi/12.3.1/../../../../arm-none-eabi/lib/thumb/v7e-m+fp/hard\libc_nano.a(libc_a-findfp.o)
 .ARM.attributes
                0x000006f7       0x34 C:/ST/STM32CubeIDE_1.14.1/STM32CubeIDE/plugins/com.st.stm32cube.ide.mcu.externaltools.gnu-tools-for-stm32.12.3.rel1.win32_1.0.100.202403111256/tools/bin/../lib/gcc/arm-none-eabi/12.3.1/../../../../arm-none-eabi/lib/thumb/v7e-m+fp/hard\libc_nano.a(libc_a-sprintf.o)
 .ARM.attributes
                0x0000072b       0x34 C:/ST/STM32CubeIDE_1.14.1/STM32CubeIDE/plugins/com.st.stm32cube.ide.mcu.externaltools.gnu-tools-for-stm32.12.3.rel1.win32_1.0.100.202403111256/tools/bin/../lib/gcc/arm-none-eabi/12.3.1/../../../../arm-none-eabi/lib/thumb/v7e-m+fp/hard\libc_nano.a(libc_a-memset.o)
 .ARM.attributes
                0x0000075f       0x34 C:/ST/STM32CubeIDE_1.14.1/STM32CubeIDE/plugins/com.st.stm32cube.ide.mcu.externaltools.gnu-tools-for-stm32.12.3.rel1.win32_1.0.100.202403111256/tools/bin/../lib/gcc/arm-none-eabi/12.3.1/../../../../arm-none-eabi/lib/thumb/v7e-m+fp/hard\libc_nano.a(libc_a-reent.o)
 .ARM.attributes
                0x00000793       0x34 C:/ST/STM32CubeIDE_1.14.1/STM32CubeIDE/plugins/com.st.stm32cube.ide.mcu.externaltools.gnu-tools-for-stm32.12.3.rel1.win32_1.0.100.202403111256/tools/bin/../lib/gcc/arm-none-eabi/12.3.1/../../../../arm-none-eabi/lib/thumb/v7e-m+fp/hard\libc_nano.a(libc_a-impure.o)
 .ARM.attributes
                0x000007c7       0x34 C:/ST/STM32CubeIDE_1.14.1/STM32CubeIDE/plugins/com.st.stm32cube.ide.mcu.externaltools.gnu-tools-for-stm32.12.3.rel1.win32_1.0.100.202403111256/tools/bin/../lib/gcc/arm-none-eabi/12.3.1/../../../../arm-none-eabi/lib/thumb/v7e-m+fp/hard\libc_nano.a(libc_a-sbrkr.o)
 .ARM.attributes
                0x000007fb       0x34 C:/ST/STM32CubeIDE_1.14.1/STM32CubeIDE/plugins/com.st.stm32cube.ide.mcu.externaltools.gnu-tools-for-stm32.12.3.rel1.win32_1.0.100.202403111256/tools/bin/../lib/gcc/arm-none-eabi/12.3.1/../../../../arm-none-eabi/lib/thumb/v7e-m+fp/hard\libc_nano.a(libc_a-errno.o)
 .ARM.attributes
                0x0000082f       0x34 C:/ST/STM32CubeIDE_1.14.1/STM32CubeIDE/plugins/com.st.stm32cube.ide.mcu.externaltools.gnu-tools-for-stm32.12.3.rel1.win32_1.0.100.202403111256/tools/bin/../lib/gcc/arm-none-eabi/12.3.1/../../../../arm-none-eabi/lib/thumb/v7e-m+fp/hard\libc_nano.a(libc_a-init.o)
 .ARM.attributes
                0x00000863       0x34 C:/ST/STM32CubeIDE_1.14.1/STM32CubeIDE/plugins/com.st.stm32cube.ide.mcu.externaltools.gnu-tools-for-stm32.12.3.rel1.win32_1.0.100.202403111256/tools/bin/../lib/gcc/arm-none-eabi/12.3.1/../../../../arm-none-eabi/lib/thumb/v7e-m+fp/hard\libc_nano.a(libc_a-lock.o)
 .ARM.attributes
                0x00000897       0x20 C:/ST/STM32CubeIDE_1.14.1/STM32CubeIDE/plugins/com.st.stm32cube.ide.mcu.externaltools.gnu-tools-for-stm32.12.3.rel1.win32_1.0.100.202403111256/tools/bin/../lib/gcc/arm-none-eabi/12.3.1/../../../../arm-none-eabi/lib/thumb/v7e-m+fp/hard\libc_nano.a(libc_a-strcmp.o)
 .ARM.attributes
                0x000008b7       0x34 C:/ST/STM32CubeIDE_1.14.1/STM32CubeIDE/plugins/com.st.stm32cube.ide.mcu.externaltools.gnu-tools-for-stm32.12.3.rel1.win32_1.0.100.202403111256/tools/bin/../lib/gcc/arm-none-eabi/12.3.1/../../../../arm-none-eabi/lib/thumb/v7e-m+fp/hard\libc_nano.a(libc_a-memcpy-stub.o)
 .ARM.attributes
                0x000008eb       0x17 C:/ST/STM32CubeIDE_1.14.1/STM32CubeIDE/plugins/com.st.stm32cube.ide.mcu.externaltools.gnu-tools-for-stm32.12.3.rel1.win32_1.0.100.202403111256/tools/bin/../lib/gcc/arm-none-eabi/12.3.1/../../../../arm-none-eabi/lib/thumb/v7e-m+fp/hard\libc_nano.a(libc_a-strlen.o)
 .ARM.attributes
                0x00000902       0x34 C:/ST/STM32CubeIDE_1.14.1/STM32CubeIDE/plugins/com.st.stm32cube.ide.mcu.externaltools.gnu-tools-for-stm32.12.3.rel1.win32_1.0.100.202403111256/tools/bin/../lib/gcc/arm-none-eabi/12.3.1/../../../../arm-none-eabi/lib/thumb/v7e-m+fp/hard\libc_nano.a(libc_a-freer.o)
 .ARM.attributes
                0x00000936       0x34 C:/ST/STM32CubeIDE_1.14.1/STM32CubeIDE/plugins/com.st.stm32cube.ide.mcu.externaltools.gnu-tools-for-stm32.12.3.rel1.win32_1.0.100.202403111256/tools/bin/../lib/gcc/arm-none-eabi/12.3.1/../../../../arm-none-eabi/lib/thumb/v7e-m+fp/hard\libc_nano.a(libc_a-nano-svfprintf.o)
 .ARM.attributes
                0x0000096a       0x34 C:/ST/STM32CubeIDE_1.14.1/STM32CubeIDE/plugins/com.st.stm32cube.ide.mcu.externaltools.gnu-tools-for-stm32.12.3.rel1.win32_1.0.100.202403111256/tools/bin/../lib/gcc/arm-none-eabi/12.3.1/../../../../arm-none-eabi/lib/thumb/v7e-m+fp/hard\libc_nano.a(libc_a-nano-vfprintf_i.o)
 .ARM.attributes
                0x0000099e       0x34 C:/ST/STM32CubeIDE_1.14.1/STM32CubeIDE/plugins/com.st.stm32cube.ide.mcu.externaltools.gnu-tools-for-stm32.12.3.rel1.win32_1.0.100.202403111256/tools/bin/../lib/gcc/arm-none-eabi/12.3.1/../../../../arm-none-eabi/lib/thumb/v7e-m+fp/hard\libc_nano.a(libc_a-memmove.o)
 .ARM.attributes
                0x000009d2       0x1c C:/ST/STM32CubeIDE_1.14.1/STM32CubeIDE/plugins/com.st.stm32cube.ide.mcu.externaltools.gnu-tools-for-stm32.12.3.rel1.win32_1.0.100.202403111256/tools/bin/../lib/gcc/arm-none-eabi/12.3.1/../../../../arm-none-eabi/lib/thumb/v7e-m+fp/hard\libc_nano.a(libc_a-memchr.o)
 .ARM.attributes
                0x000009ee       0x34 C:/ST/STM32CubeIDE_1.14.1/STM32CubeIDE/plugins/com.st.stm32cube.ide.mcu.externaltools.gnu-tools-for-stm32.12.3.rel1.win32_1.0.100.202403111256/tools/bin/../lib/gcc/arm-none-eabi/12.3.1/../../../../arm-none-eabi/lib/thumb/v7e-m+fp/hard\libc_nano.a(libc_a-reallocr.o)
 .ARM.attributes
                0x00000a22       0x34 C:/ST/STM32CubeIDE_1.14.1/STM32CubeIDE/plugins/com.st.stm32cube.ide.mcu.externaltools.gnu-tools-for-stm32.12.3.rel1.win32_1.0.100.202403111256/tools/bin/../lib/gcc/arm-none-eabi/12.3.1/../../../../arm-none-eabi/lib/thumb/v7e-m+fp/hard\libc_nano.a(libc_a-msizer.o)
 .ARM.attributes
                0x00000a56       0x22 C:/ST/STM32CubeIDE_1.14.1/STM32CubeIDE/plugins/com.st.stm32cube.ide.mcu.externaltools.gnu-tools-for-stm32.12.3.rel1.win32_1.0.100.202403111256/tools/bin/../lib/gcc/arm-none-eabi/12.3.1/thumb/v7e-m+fp/hard\libgcc.a(_arm_muldf3.o)
 .ARM.attributes
                0x00000a78       0x22 C:/ST/STM32CubeIDE_1.14.1/STM32CubeIDE/plugins/com.st.stm32cube.ide.mcu.externaltools.gnu-tools-for-stm32.12.3.rel1.win32_1.0.100.202403111256/tools/bin/../lib/gcc/arm-none-eabi/12.3.1/thumb/v7e-m+fp/hard\libgcc.a(_arm_addsubdf3.o)
 .ARM.attributes
                0x00000a9a       0x22 C:/ST/STM32CubeIDE_1.14.1/STM32CubeIDE/plugins/com.st.stm32cube.ide.mcu.externaltools.gnu-tools-for-stm32.12.3.rel1.win32_1.0.100.202403111256/tools/bin/../lib/gcc/arm-none-eabi/12.3.1/thumb/v7e-m+fp/hard\libgcc.a(_arm_fixunsdfsi.o)
 .ARM.attributes
                0x00000abc       0x22 C:/ST/STM32CubeIDE_1.14.1/STM32CubeIDE/plugins/com.st.stm32cube.ide.mcu.externaltools.gnu-tools-for-stm32.12.3.rel1.win32_1.0.100.202403111256/tools/bin/../lib/gcc/arm-none-eabi/12.3.1/thumb/v7e-m+fp/hard\libgcc.a(_aeabi_uldivmod.o)
 .ARM.attributes
                0x00000ade       0x34 C:/ST/STM32CubeIDE_1.14.1/STM32CubeIDE/plugins/com.st.stm32cube.ide.mcu.externaltools.gnu-tools-for-stm32.12.3.rel1.win32_1.0.100.202403111256/tools/bin/../lib/gcc/arm-none-eabi/12.3.1/thumb/v7e-m+fp/hard\libgcc.a(_udivmoddi4.o)
 .ARM.attributes
                0x00000b12       0x22 C:/ST/STM32CubeIDE_1.14.1/STM32CubeIDE/plugins/com.st.stm32cube.ide.mcu.externaltools.gnu-tools-for-stm32.12.3.rel1.win32_1.0.100.202403111256/tools/bin/../lib/gcc/arm-none-eabi/12.3.1/thumb/v7e-m+fp/hard\libgcc.a(_dvmd_tls.o)
 .ARM.attributes
                0x00000b34       0x22 C:/ST/STM32CubeIDE_1.14.1/STM32CubeIDE/plugins/com.st.stm32cube.ide.mcu.externaltools.gnu-tools-for-stm32.12.3.rel1.win32_1.0.100.202403111256/tools/bin/../lib/gcc/arm-none-eabi/12.3.1/thumb/v7e-m+fp/hard/crtn.o
OUTPUT(USB_OTG.elf elf32-littlearm)
LOAD linker stubs
LOAD C:/ST/STM32CubeIDE_1.14.1/STM32CubeIDE/plugins/com.st.stm32cube.ide.mcu.externaltools.gnu-tools-for-stm32.12.3.rel1.win32_1.0.100.202403111256/tools/bin/../lib/gcc/arm-none-eabi/12.3.1/../../../../arm-none-eabi/lib/thumb/v7e-m+fp/hard\libc.a
LOAD C:/ST/STM32CubeIDE_1.14.1/STM32CubeIDE/plugins/com.st.stm32cube.ide.mcu.externaltools.gnu-tools-for-stm32.12.3.rel1.win32_1.0.100.202403111256/tools/bin/../lib/gcc/arm-none-eabi/12.3.1/../../../../arm-none-eabi/lib/thumb/v7e-m+fp/hard\libm.a
LOAD C:/ST/STM32CubeIDE_1.14.1/STM32CubeIDE/plugins/com.st.stm32cube.ide.mcu.externaltools.gnu-tools-for-stm32.12.3.rel1.win32_1.0.100.202403111256/tools/bin/../lib/gcc/arm-none-eabi/12.3.1/thumb/v7e-m+fp/hard\libgcc.a

.debug_info     0x00000000    0x15399
 .debug_info    0x00000000      0xcd3 ./Core/Src/File_Handling.o
 .debug_info    0x00000cd3      0x77c ./Core/Src/main.o
 .debug_info    0x0000144f      0x269 ./Core/Src/stm32f4xx_hal_msp.o
 .debug_info    0x000016b8      0x6a5 ./Core/Src/stm32f4xx_it.o
 .debug_info    0x00001d5d      0x168 ./Core/Src/sysmem.o
 .debug_info    0x00001ec5      0x512 ./Core/Src/system_stm32f4xx.o
 .debug_info    0x000023d7       0x30 ./Core/Startup/startup_stm32f407vgtx.o
 .debug_info    0x00002407      0x944 ./Drivers/STM32F4xx_HAL_Driver/stm32f4xx_hal.o
 .debug_info    0x00002d4b      0xd57 ./Drivers/STM32F4xx_HAL_Driver/stm32f4xx_hal_cortex.o
 .debug_info    0x00003aa2      0x6c3 ./Drivers/STM32F4xx_HAL_Driver/stm32f4xx_hal_gpio.o
 .debug_info    0x00004165     0x114c ./Drivers/STM32F4xx_HAL_Driver/stm32f4xx_hal_hcd.o
 .debug_info    0x000052b1      0x8b1 ./Drivers/STM32F4xx_HAL_Driver/stm32f4xx_hal_rcc.o
 .debug_info    0x00005b62     0x1993 ./Drivers/STM32F4xx_HAL_Driver/stm32f4xx_ll_usb.o
 .debug_info    0x000074f5      0x564 ./FATFS/App/fatfs.o
 .debug_info    0x00007a59      0xe71 ./FATFS/Target/usbh_diskio.o
 .debug_info    0x000088ca      0x1b9 ./Middlewares/FatFs/ccsbcs.o
 .debug_info    0x00008a83      0x3df ./Middlewares/FatFs/diskio.o
 .debug_info    0x00008e62     0x29f1 ./Middlewares/FatFs/ff.o
 .debug_info    0x0000b853      0x37f ./Middlewares/FatFs/ff_gen_drv.o
 .debug_info    0x0000bbd2      0xfb2 ./Middlewares/USB_Host_Library/usbh_core.o
 .debug_info    0x0000cb84      0xfa6 ./Middlewares/USB_Host_Library/usbh_ctlreq.o
 .debug_info    0x0000db2a      0xc2b ./Middlewares/USB_Host_Library/usbh_ioreq.o
 .debug_info    0x0000e755     0x150c ./Middlewares/USB_Host_Library/usbh_msc.o
 .debug_info    0x0000fc61     0x118d ./Middlewares/USB_Host_Library/usbh_msc_bot.o
 .debug_info    0x00010dee     0x115b ./Middlewares/USB_Host_Library/usbh_msc_scsi.o
 .debug_info    0x00011f49      0xa8e ./Middlewares/USB_Host_Library/usbh_pipes.o
 .debug_info    0x000129d7      0xb04 ./USB_HOST/App/usb_host.o
 .debug_info    0x000134db     0x1ce6 ./USB_HOST/Target/usbh_conf.o
 .debug_info    0x000151c1      0x1d8 ./USB_HOST/Target/usbh_platform.o

.debug_abbrev   0x00000000     0x3dbf
 .debug_abbrev  0x00000000      0x270 ./Core/Src/File_Handling.o
 .debug_abbrev  0x00000270      0x222 ./Core/Src/main.o
 .debug_abbrev  0x00000492       0xd8 ./Core/Src/stm32f4xx_hal_msp.o
 .debug_abbrev  0x0000056a      0x1a4 ./Core/Src/stm32f4xx_it.o
 .debug_abbrev  0x0000070e       0xbc ./Core/Src/sysmem.o
 .debug_abbrev  0x000007ca      0x11a ./Core/Src/system_stm32f4xx.o
 .debug_abbrev  0x000008e4       0x24 ./Core/Startup/startup_stm32f407vgtx.o
 .debug_abbrev  0x00000908      0x214 ./Drivers/STM32F4xx_HAL_Driver/stm32f4xx_hal.o
 .debug_abbrev  0x00000b1c      0x328 ./Drivers/STM32F4xx_HAL_Driver/stm32f4xx_hal_cortex.o
 .debug_abbrev  0x00000e44      0x1d4 ./Drivers/STM32F4xx_HAL_Driver/stm32f4xx_hal_gpio.o
 .debug_abbrev  0x00001018      0x296 ./Drivers/STM32F4xx_HAL_Driver/stm32f4xx_hal_hcd.o
 .debug_abbrev  0x000012ae      0x2b6 ./Drivers/STM32F4xx_HAL_Driver/stm32f4xx_hal_rcc.o
 .debug_abbrev  0x00001564      0x2b3 ./Drivers/STM32F4xx_HAL_Driver/stm32f4xx_ll_usb.o
 .debug_abbrev  0x00001817      0x15d ./FATFS/App/fatfs.o
 .debug_abbrev  0x00001974      0x292 ./FATFS/Target/usbh_diskio.o
 .debug_abbrev  0x00001c06       0xde ./Middlewares/FatFs/ccsbcs.o
 .debug_abbrev  0x00001ce4      0x181 ./Middlewares/FatFs/diskio.o
 .debug_abbrev  0x00001e65      0x265 ./Middlewares/FatFs/ff.o
 .debug_abbrev  0x000020ca      0x19f ./Middlewares/FatFs/ff_gen_drv.o
 .debug_abbrev  0x00002269      0x32a ./Middlewares/USB_Host_Library/usbh_core.o
 .debug_abbrev  0x00002593      0x2ff ./Middlewares/USB_Host_Library/usbh_ctlreq.o
 .debug_abbrev  0x00002892      0x245 ./Middlewares/USB_Host_Library/usbh_ioreq.o
 .debug_abbrev  0x00002ad7      0x35f ./Middlewares/USB_Host_Library/usbh_msc.o
 .debug_abbrev  0x00002e36      0x2ec ./Middlewares/USB_Host_Library/usbh_msc_bot.o
 .debug_abbrev  0x00003122      0x2d6 ./Middlewares/USB_Host_Library/usbh_msc_scsi.o
 .debug_abbrev  0x000033f8      0x281 ./Middlewares/USB_Host_Library/usbh_pipes.o
 .debug_abbrev  0x00003679      0x270 ./USB_HOST/App/usb_host.o
 .debug_abbrev  0x000038e9      0x3c2 ./USB_HOST/Target/usbh_conf.o
 .debug_abbrev  0x00003cab      0x114 ./USB_HOST/Target/usbh_platform.o

.debug_aranges  0x00000000      0xee8
 .debug_aranges
                0x00000000       0x70 ./Core/Src/File_Handling.o
 .debug_aranges
                0x00000070       0x38 ./Core/Src/main.o
 .debug_aranges
                0x000000a8       0x20 ./Core/Src/stm32f4xx_hal_msp.o
 .debug_aranges
                0x000000c8       0x68 ./Core/Src/stm32f4xx_it.o
 .debug_aranges
                0x00000130       0x20 ./Core/Src/sysmem.o
 .debug_aranges
                0x00000150       0x28 ./Core/Src/system_stm32f4xx.o
 .debug_aranges
                0x00000178       0x28 ./Core/Startup/startup_stm32f407vgtx.o
 .debug_aranges
                0x000001a0       0xf0 ./Drivers/STM32F4xx_HAL_Driver/stm32f4xx_hal.o
 .debug_aranges
                0x00000290      0x120 ./Drivers/STM32F4xx_HAL_Driver/stm32f4xx_hal_cortex.o
 .debug_aranges
                0x000003b0       0x58 ./Drivers/STM32F4xx_HAL_Driver/stm32f4xx_hal_gpio.o
 .debug_aranges
                0x00000408      0x108 ./Drivers/STM32F4xx_HAL_Driver/stm32f4xx_hal_hcd.o
 .debug_aranges
                0x00000510       0x88 ./Drivers/STM32F4xx_HAL_Driver/stm32f4xx_hal_rcc.o
 .debug_aranges
                0x00000598      0x1a0 ./Drivers/STM32F4xx_HAL_Driver/stm32f4xx_ll_usb.o
 .debug_aranges
                0x00000738       0x28 ./FATFS/App/fatfs.o
 .debug_aranges
                0x00000760       0x40 ./FATFS/Target/usbh_diskio.o
 .debug_aranges
                0x000007a0       0x28 ./Middlewares/FatFs/ccsbcs.o
 .debug_aranges
                0x000007c8       0x48 ./Middlewares/FatFs/diskio.o
 .debug_aranges
                0x00000810      0x268 ./Middlewares/FatFs/ff.o
 .debug_aranges
                0x00000a78       0x40 ./Middlewares/FatFs/ff_gen_drv.o
 .debug_aranges
                0x00000ab8       0xc0 ./Middlewares/USB_Host_Library/usbh_core.o
 .debug_aranges