../Core/Src/File_Handling.c:30:6:Mount_USB	8	static
../Core/Src/File_Handling.c:37:6:Unmount_USB	8	static
../Core/Src/File_Handling.c:45:9:Scan_USB	112	static
../Core/Src/File_Handling.c:88:9:Format_USB	96	static
../Core/Src/File_Handling.c:122:9:Write_File	40	static
../Core/Src/File_Handling.c:186:9:Read_File	48	static
../Core/Src/File_Handling.c:258:9:Create_File	40	static
../Core/Src/File_Handling.c:307:9:Update_File	48	static
../Core/Src/File_Handling.c:376:9:Remove_File	32	static
../Core/Src/File_Handling.c:411:9:Create_Dir	24	static
../Core/Src/File_Handling.c:431:6:Check_USB_Details	16	static
